// Validating benchmarks:
// ***** BenchmarkRunner: Start   *****
// ***** Found 9 benchmark(s) in total *****
// ***** Building 1 exe(s) in Parallel: Start   *****
// ***** Done, took 00:00:00 (0.03 sec)   *****
// Found 9 benchmarks:
//   CatalogQueryBenchmarks.FieldCamelHumps: Job-JWQWGO(Toolchain=InProcessEmitToolchain) [Collections=10, Fields=100]
//   CatalogQueryBenchmarks.FieldCamelHumps: Job-JWQWGO(Toolchain=InProcessEmitToolchain) [Collections=10, Fields=1000]
//   CatalogQueryBenchmarks.FieldCamelHumps: Job-JWQWGO(Toolchain=InProcessEmitToolchain) [Collections=10, Fields=10000]
//   CatalogQueryBenchmarks.FieldCamelHumps: Job-JWQWGO(Toolchain=InProcessEmitToolchain) [Collections=100, Fields=100]
//   CatalogQueryBenchmarks.FieldCamelHumps: Job-JWQWGO(Toolchain=InProcessEmitToolchain) [Collections=100, Fields=1000]
//   CatalogQueryBenchmarks.FieldCamelHumps: Job-JWQWGO(Toolchain=InProcessEmitToolchain) [Collections=100, Fields=10000]
//   CatalogQueryBenchmarks.FieldCamelHumps: Job-JWQWGO(Toolchain=InProcessEmitToolchain) [Collections=1000, Fields=100]
//   CatalogQueryBenchmarks.FieldCamelHumps: Job-JWQWGO(Toolchain=InProcessEmitToolchain) [Collections=1000, Fields=1000]
//   CatalogQueryBenchmarks.FieldCamelHumps: Job-JWQWGO(Toolchain=InProcessEmitToolchain) [Collections=1000, Fields=10000]

Setup power plan (GUID: 8c5e7fda-e8bf-4a96-9a85-a6e23a8c635c FriendlyName: Alto desempenho)
// **************************
// Benchmark: CatalogQueryBenchmarks.FieldCamelHumps: Job-JWQWGO(Toolchain=InProcessEmitToolchain) [Collections=10, Fields=100]
// *** Execute ***
// Launch: 1 / 1

// Benchmark Process Environment Information:
// BenchmarkDotNet v0.15.8
// Runtime=.NET 10.0.12 (10.0.12, 10.0.1226.42308), X64 RyuJIT x86-64-v4
// GC=Concurrent Workstation
// HardwareIntrinsics=AVX512 BITALG+VBMI2+VNNI+VPOPCNTDQ,AVX512 IFMA+VBMI,AVX512 F+BW+CD+DQ+VL,AVX2+BMI1+BMI2+F16C+FMA+LZCNT+MOVBE,AVX,SSE3+SSSE3+SSE4.1+SSE4.2+POPCNT,X86Base+SSE+SSE2,AES+PCLMUL VectorSize=256
// Job: Job-JWQWGO(Toolchain=InProcessEmitToolchain)

OverheadJitting  1: 1 op, 145900.00 ns, 145.9000 us/op
WorkloadJitting  1: 1 op, 437800.00 ns, 437.8000 us/op

OverheadJitting  2: 16 op, 442900.00 ns, 27.6813 us/op
WorkloadJitting  2: 16 op, 1058900.00 ns, 66.1813 us/op

WorkloadPilot    1: 16 op, 706400.00 ns, 44.1500 us/op
WorkloadPilot    2: 32 op, 1401300.00 ns, 43.7906 us/op
WorkloadPilot    3: 64 op, 2662000.00 ns, 41.5938 us/op
WorkloadPilot    4: 128 op, 6189700.00 ns, 48.3570 us/op
WorkloadPilot    5: 256 op, 11204100.00 ns, 43.7660 us/op
WorkloadPilot    6: 512 op, 19166200.00 ns, 37.4340 us/op
WorkloadPilot    7: 1024 op, 35258700.00 ns, 34.4323 us/op
WorkloadPilot    8: 2048 op, 78082600.00 ns, 38.1263 us/op
WorkloadPilot    9: 4096 op, 158269400.00 ns, 38.6400 us/op
WorkloadPilot   10: 8192 op, 232489500.00 ns, 28.3801 us/op
WorkloadPilot   11: 16384 op, 173887400.00 ns, 10.6132 us/op
WorkloadPilot   12: 32768 op, 320676900.00 ns, 9.7863 us/op
WorkloadPilot   13: 65536 op, 611363800.00 ns, 9.3287 us/op

OverheadWarmup   1: 65536 op, 93500.00 ns, 1.4267 ns/op
OverheadWarmup   2: 65536 op, 73600.00 ns, 1.1230 ns/op
OverheadWarmup   3: 65536 op, 73500.00 ns, 1.1215 ns/op
OverheadWarmup   4: 65536 op, 73300.00 ns, 1.1185 ns/op
OverheadWarmup   5: 65536 op, 91800.00 ns, 1.4008 ns/op
OverheadWarmup   6: 65536 op, 73500.00 ns, 1.1215 ns/op
OverheadWarmup   7: 65536 op, 73400.00 ns, 1.1200 ns/op
OverheadWarmup   8: 65536 op, 73400.00 ns, 1.1200 ns/op
OverheadWarmup   9: 65536 op, 73400.00 ns, 1.1200 ns/op

OverheadActual   1: 65536 op, 73500.00 ns, 1.1215 ns/op
OverheadActual   2: 65536 op, 113000.00 ns, 1.7242 ns/op
OverheadActual   3: 65536 op, 73500.00 ns, 1.1215 ns/op
OverheadActual   4: 65536 op, 73500.00 ns, 1.1215 ns/op
OverheadActual   5: 65536 op, 80400.00 ns, 1.2268 ns/op
OverheadActual   6: 65536 op, 91700.00 ns, 1.3992 ns/op
OverheadActual   7: 65536 op, 73100.00 ns, 1.1154 ns/op
OverheadActual   8: 65536 op, 73000.00 ns, 1.1139 ns/op
OverheadActual   9: 65536 op, 73200.00 ns, 1.1169 ns/op
OverheadActual  10: 65536 op, 73200.00 ns, 1.1169 ns/op
OverheadActual  11: 65536 op, 73500.00 ns, 1.1215 ns/op
OverheadActual  12: 65536 op, 73100.00 ns, 1.1154 ns/op
OverheadActual  13: 65536 op, 73100.00 ns, 1.1154 ns/op
OverheadActual  14: 65536 op, 73100.00 ns, 1.1154 ns/op
OverheadActual  15: 65536 op, 73100.00 ns, 1.1154 ns/op

WorkloadWarmup   1: 65536 op, 583470800.00 ns, 8.9031 us/op
WorkloadWarmup   2: 65536 op, 722169500.00 ns, 11.0194 us/op
WorkloadWarmup   3: 65536 op, 884804300.00 ns, 13.5010 us/op
WorkloadWarmup   4: 65536 op, 875492000.00 ns, 13.3589 us/op
WorkloadWarmup   5: 65536 op, 894584400.00 ns, 13.6503 us/op
WorkloadWarmup   6: 65536 op, 868973700.00 ns, 13.2595 us/op

WorkloadActual   1: 65536 op, 934561200.00 ns, 14.2603 us/op
WorkloadActual   2: 65536 op, 822522800.00 ns, 12.5507 us/op
WorkloadActual   3: 65536 op, 869832300.00 ns, 13.2726 us/op
WorkloadActual   4: 65536 op, 925870200.00 ns, 14.1277 us/op
WorkloadActual   5: 65536 op, 846521600.00 ns, 12.9169 us/op
WorkloadActual   6: 65536 op, 725674100.00 ns, 11.0729 us/op
WorkloadActual   7: 65536 op, 624589100.00 ns, 9.5305 us/op
WorkloadActual   8: 65536 op, 622342800.00 ns, 9.4962 us/op
WorkloadActual   9: 65536 op, 612456300.00 ns, 9.3453 us/op
WorkloadActual  10: 65536 op, 621513200.00 ns, 9.4835 us/op
WorkloadActual  11: 65536 op, 616579300.00 ns, 9.4083 us/op
WorkloadActual  12: 65536 op, 638609400.00 ns, 9.7444 us/op
WorkloadActual  13: 65536 op, 640825600.00 ns, 9.7782 us/op
WorkloadActual  14: 65536 op, 616916300.00 ns, 9.4134 us/op
WorkloadActual  15: 65536 op, 636379400.00 ns, 9.7104 us/op
WorkloadActual  16: 65536 op, 629070100.00 ns, 9.5988 us/op
WorkloadActual  17: 65536 op, 623806100.00 ns, 9.5185 us/op
WorkloadActual  18: 65536 op, 618097400.00 ns, 9.4314 us/op
WorkloadActual  19: 65536 op, 609959100.00 ns, 9.3072 us/op
WorkloadActual  20: 65536 op, 619672100.00 ns, 9.4554 us/op
WorkloadActual  21: 65536 op, 604039200.00 ns, 9.2169 us/op
WorkloadActual  22: 65536 op, 604735300.00 ns, 9.2275 us/op
WorkloadActual  23: 65536 op, 610434100.00 ns, 9.3145 us/op
WorkloadActual  24: 65536 op, 584413000.00 ns, 8.9174 us/op
WorkloadActual  25: 65536 op, 592115300.00 ns, 9.0350 us/op
WorkloadActual  26: 65536 op, 608485900.00 ns, 9.2848 us/op
WorkloadActual  27: 65536 op, 594227300.00 ns, 9.0672 us/op
WorkloadActual  28: 65536 op, 625806900.00 ns, 9.5491 us/op

WorkloadResult   1: 65536 op, 624515900.00 ns, 9.5294 us/op
WorkloadResult   2: 65536 op, 622269600.00 ns, 9.4951 us/op
WorkloadResult   3: 65536 op, 612383100.00 ns, 9.3442 us/op
WorkloadResult   4: 65536 op, 621440000.00 ns, 9.4824 us/op
WorkloadResult   5: 65536 op, 616506100.00 ns, 9.4071 us/op
WorkloadResult   6: 65536 op, 638536200.00 ns, 9.7433 us/op
WorkloadResult   7: 65536 op, 640752400.00 ns, 9.7771 us/op
WorkloadResult   8: 65536 op, 616843100.00 ns, 9.4123 us/op
WorkloadResult   9: 65536 op, 636306200.00 ns, 9.7093 us/op
WorkloadResult  10: 65536 op, 628996900.00 ns, 9.5977 us/op
WorkloadResult  11: 65536 op, 623732900.00 ns, 9.5174 us/op
WorkloadResult  12: 65536 op, 618024200.00 ns, 9.4303 us/op
WorkloadResult  13: 65536 op, 609885900.00 ns, 9.3061 us/op
WorkloadResult  14: 65536 op, 619598900.00 ns, 9.4543 us/op
WorkloadResult  15: 65536 op, 603966000.00 ns, 9.2158 us/op
WorkloadResult  16: 65536 op, 604662100.00 ns, 9.2264 us/op
WorkloadResult  17: 65536 op, 610360900.00 ns, 9.3134 us/op
WorkloadResult  18: 65536 op, 584339800.00 ns, 8.9163 us/op
WorkloadResult  19: 65536 op, 592042100.00 ns, 9.0338 us/op
WorkloadResult  20: 65536 op, 608412700.00 ns, 9.2836 us/op
WorkloadResult  21: 65536 op, 594154100.00 ns, 9.0661 us/op
WorkloadResult  22: 65536 op, 625733700.00 ns, 9.5479 us/op
// GC:  170 12 0 2848630440 65536
// Threading:  0 0 65536


Mean = 9.400 us, StdErr = 0.048 us (0.51%), N = 22, StdDev = 0.223 us
Min = 8.916 us, Q1 = 9.289 us, Median = 9.421 us, Q3 = 9.526 us, Max = 9.777 us
IQR = 0.237 us, LowerFence = 8.934 us, UpperFence = 9.882 us
ConfidenceInterval = [9.219 us; 9.582 us] (CI 99.9%), Margin = 0.182 us (1.93% of Mean)
Skewness = -0.31, Kurtosis = 2.46, MValue = 2

// ** Remained 8 (88,9%) benchmark(s) to run. Estimated finish 2026-09-17 23:53 (0h 3m from now) **
Setup power plan (GUID: 8c5e7fda-e8bf-4a96-9a85-a6e23a8c635c FriendlyName: Alto desempenho)
// **************************
// Benchmark: CatalogQueryBenchmarks.FieldCamelHumps: Job-JWQWGO(Toolchain=InProcessEmitToolchain) [Collections=10, Fields=1000]
// *** Execute ***
// Launch: 1 / 1

// Benchmark Process Environment Information:
// BenchmarkDotNet v0.15.8
// Runtime=.NET 10.0.12 (10.0.12, 10.0.1226.42308), X64 RyuJIT x86-64-v4
// GC=Concurrent Workstation
// HardwareIntrinsics=AVX512 BITALG+VBMI2+VNNI+VPOPCNTDQ,AVX512 IFMA+VBMI,AVX512 F+BW+CD+DQ+VL,AVX2+BMI1+BMI2+F16C+FMA+LZCNT+MOVBE,AVX,SSE3+SSSE3+SSE4.1+SSE4.2+POPCNT,X86Base+SSE+SSE2,AES+PCLMUL VectorSize=256
// Job: Job-JWQWGO(Toolchain=InProcessEmitToolchain)

OverheadJitting  1: 1 op, 158600.00 ns, 158.6000 us/op
WorkloadJitting  1: 1 op, 163100.00 ns, 163.1000 us/op

OverheadJitting  2: 16 op, 268700.00 ns, 16.7938 us/op
WorkloadJitting  2: 16 op, 800900.00 ns, 50.0563 us/op

WorkloadPilot    1: 16 op, 566100.00 ns, 35.3813 us/op
WorkloadPilot    2: 32 op, 1385800.00 ns, 43.3063 us/op
WorkloadPilot    3: 64 op, 2369800.00 ns, 37.0281 us/op
WorkloadPilot    4: 128 op, 5079100.00 ns, 39.6805 us/op
WorkloadPilot    5: 256 op, 8430900.00 ns, 32.9332 us/op
WorkloadPilot    6: 512 op, 17936200.00 ns, 35.0316 us/op
WorkloadPilot    7: 1024 op, 33790400.00 ns, 32.9984 us/op
WorkloadPilot    8: 2048 op, 69037900.00 ns, 33.7099 us/op
WorkloadPilot    9: 4096 op, 157709700.00 ns, 38.5033 us/op
WorkloadPilot   10: 8192 op, 290517400.00 ns, 35.4635 us/op
WorkloadPilot   11: 16384 op, 549986400.00 ns, 33.5685 us/op

OverheadWarmup   1: 16384 op, 24700.00 ns, 1.5076 ns/op
OverheadWarmup   2: 16384 op, 18500.00 ns, 1.1292 ns/op
OverheadWarmup   3: 16384 op, 18400.00 ns, 1.1230 ns/op
OverheadWarmup   4: 16384 op, 18400.00 ns, 1.1230 ns/op
OverheadWarmup   5: 16384 op, 18600.00 ns, 1.1353 ns/op
OverheadWarmup   6: 16384 op, 18500.00 ns, 1.1292 ns/op
OverheadWarmup   7: 16384 op, 23200.00 ns, 1.4160 ns/op

OverheadActual   1: 16384 op, 18400.00 ns, 1.1230 ns/op
OverheadActual   2: 16384 op, 18500.00 ns, 1.1292 ns/op
OverheadActual   3: 16384 op, 18400.00 ns, 1.1230 ns/op
OverheadActual   4: 16384 op, 18500.00 ns, 1.1292 ns/op
OverheadActual   5: 16384 op, 18400.00 ns, 1.1230 ns/op
OverheadActual   6: 16384 op, 18400.00 ns, 1.1230 ns/op
OverheadActual   7: 16384 op, 18400.00 ns, 1.1230 ns/op
OverheadActual   8: 16384 op, 18500.00 ns, 1.1292 ns/op
OverheadActual   9: 16384 op, 18400.00 ns, 1.1230 ns/op
OverheadActual  10: 16384 op, 18400.00 ns, 1.1230 ns/op
OverheadActual  11: 16384 op, 18400.00 ns, 1.1230 ns/op
OverheadActual  12: 16384 op, 18500.00 ns, 1.1292 ns/op
OverheadActual  13: 16384 op, 23200.00 ns, 1.4160 ns/op
OverheadActual  14: 16384 op, 23100.00 ns, 1.4099 ns/op
OverheadActual  15: 16384 op, 18600.00 ns, 1.1353 ns/op

WorkloadWarmup   1: 16384 op, 533316600.00 ns, 32.5511 us/op
WorkloadWarmup   2: 16384 op, 569742500.00 ns, 34.7743 us/op
WorkloadWarmup   3: 16384 op, 556139600.00 ns, 33.9441 us/op
WorkloadWarmup   4: 16384 op, 552404500.00 ns, 33.7161 us/op
WorkloadWarmup   5: 16384 op, 558718100.00 ns, 34.1014 us/op
WorkloadWarmup   6: 16384 op, 538212400.00 ns, 32.8499 us/op

WorkloadActual   1: 16384 op, 535430100.00 ns, 32.6801 us/op
WorkloadActual   2: 16384 op, 567033700.00 ns, 34.6090 us/op
WorkloadActual   3: 16384 op, 545543100.00 ns, 33.2973 us/op
WorkloadActual   4: 16384 op, 559745000.00 ns, 34.1641 us/op
WorkloadActual   5: 16384 op, 559479000.00 ns, 34.1479 us/op
WorkloadActual   6: 16384 op, 547136100.00 ns, 33.3945 us/op
WorkloadActual   7: 16384 op, 559560600.00 ns, 34.1529 us/op
WorkloadActual   8: 16384 op, 539957900.00 ns, 32.9564 us/op
WorkloadActual   9: 16384 op, 559465900.00 ns, 34.1471 us/op
WorkloadActual  10: 16384 op, 564525100.00 ns, 34.4559 us/op
WorkloadActual  11: 16384 op, 544459400.00 ns, 33.2312 us/op
WorkloadActual  12: 16384 op, 555567700.00 ns, 33.9092 us/op
WorkloadActual  13: 16384 op, 563584400.00 ns, 34.3985 us/op
WorkloadActual  14: 16384 op, 536228100.00 ns, 32.7288 us/op
WorkloadActual  15: 16384 op, 552427400.00 ns, 33.7175 us/op
WorkloadActual  16: 16384 op, 553058000.00 ns, 33.7560 us/op

WorkloadResult   1: 16384 op, 535411700.00 ns, 32.6789 us/op
WorkloadResult   2: 16384 op, 567015300.00 ns, 34.6079 us/op
WorkloadResult   3: 16384 op, 545524700.00 ns, 33.2962 us/op
WorkloadResult   4: 16384 op, 559726600.00 ns, 34.1630 us/op
WorkloadResult   5: 16384 op, 559460600.00 ns, 34.1468 us/op
WorkloadResult   6: 16384 op, 547117700.00 ns, 33.3934 us/op
WorkloadResult   7: 16384 op, 559542200.00 ns, 34.1517 us/op
WorkloadResult   8: 16384 op, 539939500.00 ns, 32.9553 us/op
WorkloadResult   9: 16384 op, 559447500.00 ns, 34.1460 us/op
WorkloadResult  10: 16384 op, 564506700.00 ns, 34.4548 us/op
WorkloadResult  11: 16384 op, 544441000.00 ns, 33.2300 us/op
WorkloadResult  12: 16384 op, 555549300.00 ns, 33.9080 us/op
WorkloadResult  13: 16384 op, 563566000.00 ns, 34.3973 us/op
WorkloadResult  14: 16384 op, 536209700.00 ns, 32.7276 us/op
WorkloadResult  15: 16384 op, 552409000.00 ns, 33.7164 us/op
WorkloadResult  16: 16384 op, 553039600.00 ns, 33.7549 us/op
// GC:  166 30 0 2783751736 16384
// Threading:  0 0 16384


Mean = 33.733 us, StdErr = 0.155 us (0.46%), N = 16, StdDev = 0.619 us
Min = 32.679 us, Q1 = 33.280 us, Median = 33.831 us, Q3 = 34.155 us, Max = 34.608 us
IQR = 0.875 us, LowerFence = 31.967 us, UpperFence = 35.467 us
ConfidenceInterval = [33.103 us; 34.363 us] (CI 99.9%), Margin = 0.630 us (1.87% of Mean)
Skewness = -0.33, Kurtosis = 1.67, MValue = 2

// ** Remained 7 (77,8%) benchmark(s) to run. Estimated finish 2026-09-17 23:52 (0h 2m from now) **
Setup power plan (GUID: 8c5e7fda-e8bf-4a96-9a85-a6e23a8c635c FriendlyName: Alto desempenho)
// **************************
// Benchmark: CatalogQueryBenchmarks.FieldCamelHumps: Job-JWQWGO(Toolchain=InProcessEmitToolchain) [Collections=10, Fields=10000]
// *** Execute ***
// Launch: 1 / 1

// Benchmark Process Environment Information:
// BenchmarkDotNet v0.15.8
// Runtime=.NET 10.0.12 (10.0.12, 10.0.1226.42308), X64 RyuJIT x86-64-v4
// GC=Concurrent Workstation
// HardwareIntrinsics=AVX512 BITALG+VBMI2+VNNI+VPOPCNTDQ,AVX512 IFMA+VBMI,AVX512 F+BW+CD+DQ+VL,AVX2+BMI1+BMI2+F16C+FMA+LZCNT+MOVBE,AVX,SSE3+SSSE3+SSE4.1+SSE4.2+POPCNT,X86Base+SSE+SSE2,AES+PCLMUL VectorSize=256
// Job: Job-JWQWGO(Toolchain=InProcessEmitToolchain)

OverheadJitting  1: 1 op, 236300.00 ns, 236.3000 us/op
WorkloadJitting  1: 1 op, 249500.00 ns, 249.5000 us/op

OverheadJitting  2: 16 op, 326400.00 ns, 20.4000 us/op
WorkloadJitting  2: 16 op, 946800.00 ns, 59.1750 us/op

WorkloadPilot    1: 16 op, 577400.00 ns, 36.0875 us/op
WorkloadPilot    2: 32 op, 1145200.00 ns, 35.7875 us/op
WorkloadPilot    3: 64 op, 2241000.00 ns, 35.0156 us/op
WorkloadPilot    4: 128 op, 5968800.00 ns, 46.6313 us/op
WorkloadPilot    5: 256 op, 8783300.00 ns, 34.3098 us/op
WorkloadPilot    6: 512 op, 18293600.00 ns, 35.7297 us/op
WorkloadPilot    7: 1024 op, 35310000.00 ns, 34.4824 us/op
WorkloadPilot    8: 2048 op, 71047300.00 ns, 34.6911 us/op
WorkloadPilot    9: 4096 op, 138829100.00 ns, 33.8938 us/op
WorkloadPilot   10: 8192 op, 270008000.00 ns, 32.9600 us/op
WorkloadPilot   11: 16384 op, 532760100.00 ns, 32.5171 us/op

OverheadWarmup   1: 16384 op, 25300.00 ns, 1.5442 ns/op
OverheadWarmup   2: 16384 op, 18700.00 ns, 1.1414 ns/op
OverheadWarmup   3: 16384 op, 18600.00 ns, 1.1353 ns/op
OverheadWarmup   4: 16384 op, 18500.00 ns, 1.1292 ns/op
OverheadWarmup   5: 16384 op, 18700.00 ns, 1.1414 ns/op
OverheadWarmup   6: 16384 op, 18900.00 ns, 1.1536 ns/op
OverheadWarmup   7: 16384 op, 18600.00 ns, 1.1353 ns/op
OverheadWarmup   8: 16384 op, 18600.00 ns, 1.1353 ns/op
OverheadWarmup   9: 16384 op, 23500.00 ns, 1.4343 ns/op

OverheadActual   1: 16384 op, 18700.00 ns, 1.1414 ns/op
OverheadActual   2: 16384 op, 18900.00 ns, 1.1536 ns/op
OverheadActual   3: 16384 op, 18700.00 ns, 1.1414 ns/op
OverheadActual   4: 16384 op, 18700.00 ns, 1.1414 ns/op
OverheadActual   5: 16384 op, 18700.00 ns, 1.1414 ns/op
OverheadActual   6: 16384 op, 18700.00 ns, 1.1414 ns/op
OverheadActual   7: 16384 op, 18600.00 ns, 1.1353 ns/op
OverheadActual   8: 16384 op, 18700.00 ns, 1.1414 ns/op
OverheadActual   9: 16384 op, 18800.00 ns, 1.1475 ns/op
OverheadActual  10: 16384 op, 18900.00 ns, 1.1536 ns/op
OverheadActual  11: 16384 op, 18600.00 ns, 1.1353 ns/op
OverheadActual  12: 16384 op, 18700.00 ns, 1.1414 ns/op
OverheadActual  13: 16384 op, 19000.00 ns, 1.1597 ns/op
OverheadActual  14: 16384 op, 19100.00 ns, 1.1658 ns/op
OverheadActual  15: 16384 op, 19100.00 ns, 1.1658 ns/op

WorkloadWarmup   1: 16384 op, 548177000.00 ns, 33.4581 us/op
WorkloadWarmup   2: 16384 op, 542137300.00 ns, 33.0894 us/op
WorkloadWarmup   3: 16384 op, 534172700.00 ns, 32.6033 us/op
WorkloadWarmup   4: 16384 op, 617950700.00 ns, 37.7167 us/op
WorkloadWarmup   5: 16384 op, 657036200.00 ns, 40.1023 us/op
WorkloadWarmup   6: 16384 op, 571495100.00 ns, 34.8813 us/op
WorkloadWarmup   7: 16384 op, 571314600.00 ns, 34.8703 us/op
WorkloadWarmup   8: 16384 op, 552555400.00 ns, 33.7253 us/op
WorkloadWarmup   9: 16384 op, 558560400.00 ns, 34.0918 us/op
WorkloadWarmup  10: 16384 op, 548043900.00 ns, 33.4499 us/op

WorkloadActual   1: 16384 op, 525286600.00 ns, 32.0609 us/op
WorkloadActual   2: 16384 op, 558169600.00 ns, 34.0680 us/op
WorkloadActual   3: 16384 op, 530741900.00 ns, 32.3939 us/op
WorkloadActual   4: 16384 op, 545804700.00 ns, 33.3133 us/op
WorkloadActual   5: 16384 op, 557910800.00 ns, 34.0522 us/op
WorkloadActual   6: 16384 op, 535960200.00 ns, 32.7124 us/op
WorkloadActual   7: 16384 op, 529976700.00 ns, 32.3472 us/op
WorkloadActual   8: 16384 op, 545693900.00 ns, 33.3065 us/op
WorkloadActual   9: 16384 op, 522093700.00 ns, 31.8661 us/op
WorkloadActual  10: 16384 op, 537169300.00 ns, 32.7862 us/op
WorkloadActual  11: 16384 op, 531767300.00 ns, 32.4565 us/op
WorkloadActual  12: 16384 op, 527319500.00 ns, 32.1850 us/op
WorkloadActual  13: 16384 op, 539881400.00 ns, 32.9517 us/op
WorkloadActual  14: 16384 op, 522507900.00 ns, 31.8914 us/op
WorkloadActual  15: 16384 op, 545122700.00 ns, 33.2716 us/op
WorkloadActual  16: 16384 op, 556858400.00 ns, 33.9879 us/op
WorkloadActual  17: 16384 op, 537612800.00 ns, 32.8133 us/op
WorkloadActual  18: 16384 op, 534571700.00 ns, 32.6277 us/op
WorkloadActual  19: 16384 op, 541073400.00 ns, 33.0245 us/op

WorkloadResult   1: 16384 op, 525267900.00 ns, 32.0598 us/op
WorkloadResult   2: 16384 op, 558150900.00 ns, 34.0668 us/op
WorkloadResult   3: 16384 op, 530723200.00 ns, 32.3928 us/op
WorkloadResult   4: 16384 op, 545786000.00 ns, 33.3121 us/op
WorkloadResult   5: 16384 op, 557892100.00 ns, 34.0510 us/op
WorkloadResult   6: 16384 op, 535941500.00 ns, 32.7113 us/op
WorkloadResult   7: 16384 op, 529958000.00 ns, 32.3461 us/op
WorkloadResult   8: 16384 op, 545675200.00 ns, 33.3054 us/op
WorkloadResult   9: 16384 op, 522075000.00 ns, 31.8649 us/op
WorkloadResult  10: 16384 op, 537150600.00 ns, 32.7851 us/op
WorkloadResult  11: 16384 op, 531748600.00 ns, 32.4554 us/op
WorkloadResult  12: 16384 op, 527300800.00 ns, 32.1839 us/op
WorkloadResult  13: 16384 op, 539862700.00 ns, 32.9506 us/op
WorkloadResult  14: 16384 op, 522489200.00 ns, 31.8902 us/op
WorkloadResult  15: 16384 op, 545104000.00 ns, 33.2705 us/op
WorkloadResult  16: 16384 op, 556839700.00 ns, 33.9868 us/op
WorkloadResult  17: 16384 op, 537594100.00 ns, 32.8121 us/op
WorkloadResult  18: 16384 op, 534553000.00 ns, 32.6265 us/op
WorkloadResult  19: 16384 op, 541054700.00 ns, 33.0234 us/op
// GC:  166 30 0 2783751448 16384
// Threading:  0 0 16384


Mean = 32.847 us, StdErr = 0.158 us (0.48%), N = 19, StdDev = 0.687 us
Min = 31.865 us, Q1 = 32.369 us, Median = 32.785 us, Q3 = 33.288 us, Max = 34.067 us
IQR = 0.919 us, LowerFence = 30.992 us, UpperFence = 34.666 us
ConfidenceInterval = [32.229 us; 33.466 us] (CI 99.9%), Margin = 0.618 us (1.88% of Mean)
Skewness = 0.39, Kurtosis = 2.03, MValue = 2

// ** Remained 6 (66,7%) benchmark(s) to run. Estimated finish 2026-09-17 23:52 (0h 1m from now) **
Setup power plan (GUID: 8c5e7fda-e8bf-4a96-9a85-a6e23a8c635c FriendlyName: Alto desempenho)
// **************************
// Benchmark: CatalogQueryBenchmarks.FieldCamelHumps: Job-JWQWGO(Toolchain=InProcessEmitToolchain) [Collections=100, Fields=100]
// *** Execute ***
// Launch: 1 / 1

// Benchmark Process Environment Information:
// BenchmarkDotNet v0.15.8
// Runtime=.NET 10.0.12 (10.0.12, 10.0.1226.42308), X64 RyuJIT x86-64-v4
// GC=Concurrent Workstation
// HardwareIntrinsics=AVX512 BITALG+VBMI2+VNNI+VPOPCNTDQ,AVX512 IFMA+VBMI,AVX512 F+BW+CD+DQ+VL,AVX2+BMI1+BMI2+F16C+FMA+LZCNT+MOVBE,AVX,SSE3+SSSE3+SSE4.1+SSE4.2+POPCNT,X86Base+SSE+SSE2,AES+PCLMUL VectorSize=256
// Job: Job-JWQWGO(Toolchain=InProcessEmitToolchain)

OverheadJitting  1: 1 op, 139500.00 ns, 139.5000 us/op
WorkloadJitting  1: 1 op, 127200.00 ns, 127.2000 us/op

OverheadJitting  2: 16 op, 260500.00 ns, 16.2813 us/op
WorkloadJitting  2: 16 op, 420400.00 ns, 26.2750 us/op

WorkloadPilot    1: 16 op, 164600.00 ns, 10.2875 us/op
WorkloadPilot    2: 32 op, 310600.00 ns, 9.7063 us/op
WorkloadPilot    3: 64 op, 587900.00 ns, 9.1859 us/op
WorkloadPilot    4: 128 op, 1168600.00 ns, 9.1297 us/op
WorkloadPilot    5: 256 op, 3429700.00 ns, 13.3973 us/op
WorkloadPilot    6: 512 op, 5975800.00 ns, 11.6715 us/op
WorkloadPilot    7: 1024 op, 9586400.00 ns, 9.3617 us/op
WorkloadPilot    8: 2048 op, 19181400.00 ns, 9.3659 us/op
WorkloadPilot    9: 4096 op, 38416400.00 ns, 9.3790 us/op
WorkloadPilot   10: 8192 op, 80066000.00 ns, 9.7737 us/op
WorkloadPilot   11: 16384 op, 152246100.00 ns, 9.2924 us/op
WorkloadPilot   12: 32768 op, 313545400.00 ns, 9.5686 us/op
WorkloadPilot   13: 65536 op, 613023900.00 ns, 9.3540 us/op

OverheadWarmup   1: 65536 op, 95200.00 ns, 1.4526 ns/op
OverheadWarmup   2: 65536 op, 73800.00 ns, 1.1261 ns/op
OverheadWarmup   3: 65536 op, 109500.00 ns, 1.6708 ns/op
OverheadWarmup   4: 65536 op, 73500.00 ns, 1.1215 ns/op
OverheadWarmup   5: 65536 op, 73300.00 ns, 1.1185 ns/op
OverheadWarmup   6: 65536 op, 73400.00 ns, 1.1200 ns/op
OverheadWarmup   7: 65536 op, 73500.00 ns, 1.1215 ns/op
OverheadWarmup   8: 65536 op, 73400.00 ns, 1.1200 ns/op

OverheadActual   1: 65536 op, 73400.00 ns, 1.1200 ns/op
OverheadActual   2: 65536 op, 73700.00 ns, 1.1246 ns/op
OverheadActual   3: 65536 op, 73300.00 ns, 1.1185 ns/op
OverheadActual   4: 65536 op, 73700.00 ns, 1.1246 ns/op
OverheadActual   5: 65536 op, 73700.00 ns, 1.1246 ns/op
OverheadActual   6: 65536 op, 73800.00 ns, 1.1261 ns/op
OverheadActual   7: 65536 op, 73300.00 ns, 1.1185 ns/op
OverheadActual   8: 65536 op, 73300.00 ns, 1.1185 ns/op
OverheadActual   9: 65536 op, 73700.00 ns, 1.1246 ns/op
OverheadActual  10: 65536 op, 73800.00 ns, 1.1261 ns/op
OverheadActual  11: 65536 op, 73700.00 ns, 1.1246 ns/op
OverheadActual  12: 65536 op, 73600.00 ns, 1.1230 ns/op
OverheadActual  13: 65536 op, 73700.00 ns, 1.1246 ns/op
OverheadActual  14: 65536 op, 73700.00 ns, 1.1246 ns/op
OverheadActual  15: 65536 op, 92300.00 ns, 1.4084 ns/op

WorkloadWarmup   1: 65536 op, 606033000.00 ns, 9.2473 us/op
WorkloadWarmup   2: 65536 op, 627058300.00 ns, 9.5682 us/op
WorkloadWarmup   3: 65536 op, 607221300.00 ns, 9.2655 us/op
WorkloadWarmup   4: 65536 op, 615833400.00 ns, 9.3969 us/op
WorkloadWarmup   5: 65536 op, 601865100.00 ns, 9.1837 us/op
WorkloadWarmup   6: 65536 op, 614923700.00 ns, 9.3830 us/op

WorkloadActual   1: 65536 op, 610416100.00 ns, 9.3142 us/op
WorkloadActual   2: 65536 op, 639157600.00 ns, 9.7528 us/op
WorkloadActual   3: 65536 op, 639556200.00 ns, 9.7589 us/op
WorkloadActual   4: 65536 op, 666491900.00 ns, 10.1699 us/op
WorkloadActual   5: 65536 op, 687567300.00 ns, 10.4914 us/op
WorkloadActual   6: 65536 op, 788370800.00 ns, 12.0296 us/op
WorkloadActual   7: 65536 op, 644301100.00 ns, 9.8313 us/op
WorkloadActual   8: 65536 op, 630212600.00 ns, 9.6163 us/op
WorkloadActual   9: 65536 op, 911219200.00 ns, 13.9041 us/op
WorkloadActual  10: 65536 op, 928517900.00 ns, 14.1681 us/op
WorkloadActual  11: 65536 op, 883927000.00 ns, 13.4877 us/op
WorkloadActual  12: 65536 op, 888766900.00 ns, 13.5615 us/op
WorkloadActual  13: 65536 op, 897820900.00 ns, 13.6997 us/op
WorkloadActual  14: 65536 op, 913100900.00 ns, 13.9328 us/op
WorkloadActual  15: 65536 op, 935560200.00 ns, 14.2755 us/op
WorkloadActual  16: 65536 op, 866528200.00 ns, 13.2222 us/op
WorkloadActual  17: 65536 op, 907612400.00 ns, 13.8491 us/op
WorkloadActual  18: 65536 op, 888121500.00 ns, 13.5517 us/op
WorkloadActual  19: 65536 op, 732941000.00 ns, 11.1838 us/op
WorkloadActual  20: 65536 op, 933303900.00 ns, 14.2411 us/op
WorkloadActual  21: 65536 op, 920989000.00 ns, 14.0532 us/op
WorkloadActual  22: 65536 op, 774682900.00 ns, 11.8207 us/op
WorkloadActual  23: 65536 op, 908860400.00 ns, 13.8681 us/op
WorkloadActual  24: 65536 op, 900306700.00 ns, 13.7376 us/op
WorkloadActual  25: 65536 op, 881195600.00 ns, 13.4460 us/op
WorkloadActual  26: 65536 op, 887011300.00 ns, 13.5347 us/op
WorkloadActual  27: 65536 op, 904142000.00 ns, 13.7961 us/op
WorkloadActual  28: 65536 op, 848326400.00 ns, 12.9444 us/op
WorkloadActual  29: 65536 op, 890944200.00 ns, 13.5947 us/op
WorkloadActual  30: 65536 op, 892007100.00 ns, 13.6109 us/op
WorkloadActual  31: 65536 op, 886779500.00 ns, 13.5312 us/op
WorkloadActual  32: 65536 op, 915510100.00 ns, 13.9696 us/op
WorkloadActual  33: 65536 op, 946300400.00 ns, 14.4394 us/op
WorkloadActual  34: 65536 op, 925507300.00 ns, 14.1221 us/op
WorkloadActual  35: 65536 op, 865864900.00 ns, 13.2120 us/op
WorkloadActual  36: 65536 op, 908908300.00 ns, 13.8688 us/op
WorkloadActual  37: 65536 op, 866531000.00 ns, 13.2222 us/op
WorkloadActual  38: 65536 op, 716020300.00 ns, 10.9256 us/op
WorkloadActual  39: 65536 op, 901221100.00 ns, 13.7515 us/op
WorkloadActual  40: 65536 op, 847001800.00 ns, 12.9242 us/op
WorkloadActual  41: 65536 op, 863216800.00 ns, 13.1716 us/op
WorkloadActual  42: 65536 op, 866063800.00 ns, 13.2151 us/op
WorkloadActual  43: 65536 op, 923437700.00 ns, 14.0905 us/op
WorkloadActual  44: 65536 op, 909893300.00 ns, 13.8839 us/op
WorkloadActual  45: 65536 op, 899214800.00 ns, 13.7209 us/op
WorkloadActual  46: 65536 op, 899108300.00 ns, 13.7193 us/op
WorkloadActual  47: 65536 op, 950932400.00 ns, 14.5101 us/op
WorkloadActual  48: 65536 op, 852476800.00 ns, 13.0078 us/op
WorkloadActual  49: 65536 op, 906308200.00 ns, 13.8292 us/op
WorkloadActual  50: 65536 op, 910568600.00 ns, 13.8942 us/op
WorkloadActual  51: 65536 op, 901814200.00 ns, 13.7606 us/op
WorkloadActual  52: 65536 op, 855227300.00 ns, 13.0497 us/op
WorkloadActual  53: 65536 op, 901056400.00 ns, 13.7490 us/op
WorkloadActual  54: 65536 op, 913454700.00 ns, 13.9382 us/op
WorkloadActual  55: 65536 op, 921740100.00 ns, 14.0646 us/op
WorkloadActual  56: 65536 op, 923837000.00 ns, 14.0966 us/op
WorkloadActual  57: 65536 op, 908928600.00 ns, 13.8691 us/op
WorkloadActual  58: 65536 op, 913777400.00 ns, 13.9431 us/op
WorkloadActual  59: 65536 op, 907939300.00 ns, 13.8541 us/op
WorkloadActual  60: 65536 op, 870756300.00 ns, 13.2867 us/op
WorkloadActual  61: 65536 op, 822549300.00 ns, 12.5511 us/op
WorkloadActual  62: 65536 op, 900900400.00 ns, 13.7466 us/op
WorkloadActual  63: 65536 op, 908331000.00 ns, 13.8600 us/op
WorkloadActual  64: 65536 op, 826774200.00 ns, 12.6156 us/op
WorkloadActual  65: 65536 op, 883246800.00 ns, 13.4773 us/op
WorkloadActual  66: 65536 op, 914511300.00 ns, 13.9543 us/op
WorkloadActual  67: 65536 op, 815954400.00 ns, 12.4505 us/op
WorkloadActual  68: 65536 op, 932709200.00 ns, 14.2320 us/op
WorkloadActual  69: 65536 op, 924866300.00 ns, 14.1123 us/op
WorkloadActual  70: 65536 op, 834521400.00 ns, 12.7338 us/op
WorkloadActual  71: 65536 op, 895981400.00 ns, 13.6716 us/op
WorkloadActual  72: 65536 op, 937156500.00 ns, 14.2999 us/op
WorkloadActual  73: 65536 op, 862100300.00 ns, 13.1546 us/op
WorkloadActual  74: 65536 op, 924515000.00 ns, 14.1070 us/op
WorkloadActual  75: 65536 op, 931649700.00 ns, 14.2158 us/op
WorkloadActual  76: 65536 op, 927394600.00 ns, 14.1509 us/op
WorkloadActual  77: 65536 op, 894923900.00 ns, 13.6555 us/op
WorkloadActual  78: 65536 op, 908650000.00 ns, 13.8649 us/op
WorkloadActual  79: 65536 op, 873957200.00 ns, 13.3355 us/op
WorkloadActual  80: 65536 op, 929083600.00 ns, 14.1767 us/op
WorkloadActual  81: 65536 op, 904844300.00 ns, 13.8068 us/op
WorkloadActual  82: 65536 op, 880543800.00 ns, 13.4360 us/op
WorkloadActual  83: 65536 op, 905167100.00 ns, 13.8118 us/op
WorkloadActual  84: 65536 op, 887112200.00 ns, 13.5363 us/op
WorkloadActual  85: 65536 op, 869919100.00 ns, 13.2739 us/op
WorkloadActual  86: 65536 op, 920579800.00 ns, 14.0469 us/op
WorkloadActual  87: 65536 op, 828082000.00 ns, 12.6355 us/op
WorkloadActual  88: 65536 op, 879246000.00 ns, 13.4162 us/op
WorkloadActual  89: 65536 op, 891420200.00 ns, 13.6020 us/op
WorkloadActual  90: 65536 op, 889910500.00 ns, 13.5790 us/op
WorkloadActual  91: 65536 op, 919609500.00 ns, 14.0321 us/op
WorkloadActual  92: 65536 op, 869599400.00 ns, 13.2690 us/op
WorkloadActual  93: 65536 op, 882267200.00 ns, 13.4623 us/op
WorkloadActual  94: 65536 op, 909095600.00 ns, 13.8717 us/op
WorkloadActual  95: 65536 op, 887224100.00 ns, 13.5380 us/op
WorkloadActual  96: 65536 op, 912749000.00 ns, 13.9274 us/op
WorkloadActual  97: 65536 op, 913698200.00 ns, 13.9419 us/op
WorkloadActual  98: 65536 op, 891947500.00 ns, 13.6100 us/op
WorkloadActual  99: 65536 op, 894124100.00 ns, 13.6433 us/op
WorkloadActual  100: 65536 op, 904571300.00 ns, 13.8027 us/op

WorkloadResult   1: 65536 op, 610342400.00 ns, 9.3131 us/op
WorkloadResult   2: 65536 op, 639083900.00 ns, 9.7516 us/op
WorkloadResult   3: 65536 op, 639482500.00 ns, 9.7577 us/op
WorkloadResult   4: 65536 op, 666418200.00 ns, 10.1687 us/op
WorkloadResult   5: 65536 op, 687493600.00 ns, 10.4903 us/op
WorkloadResult   6: 65536 op, 788297100.00 ns, 12.0285 us/op
WorkloadResult   7: 65536 op, 644227400.00 ns, 9.8301 us/op
WorkloadResult   8: 65536 op, 630138900.00 ns, 9.6152 us/op
WorkloadResult   9: 65536 op, 911145500.00 ns, 13.9030 us/op
WorkloadResult  10: 65536 op, 928444200.00 ns, 14.1669 us/op
WorkloadResult  11: 65536 op, 883853300.00 ns, 13.4865 us/op
WorkloadResult  12: 65536 op, 888693200.00 ns, 13.5604 us/op
WorkloadResult  13: 65536 op, 897747200.00 ns, 13.6985 us/op
WorkloadResult  14: 65536 op, 913027200.00 ns, 13.9317 us/op
WorkloadResult  15: 65536 op, 935486500.00 ns, 14.2744 us/op
WorkloadResult  16: 65536 op, 866454500.00 ns, 13.2210 us/op
WorkloadResult  17: 65536 op, 907538700.00 ns, 13.8479 us/op
WorkloadResult  18: 65536 op, 888047800.00 ns, 13.5505 us/op
WorkloadResult  19: 65536 op, 732867300.00 ns, 11.1827 us/op
WorkloadResult  20: 65536 op, 933230200.00 ns, 14.2400 us/op
WorkloadResult  21: 65536 op, 920915300.00 ns, 14.0521 us/op
WorkloadResult  22: 65536 op, 774609200.00 ns, 11.8196 us/op
WorkloadResult  23: 65536 op, 908786700.00 ns, 13.8670 us/op
WorkloadResult  24: 65536 op, 900233000.00 ns, 13.7365 us/op
WorkloadResult  25: 65536 op, 881121900.00 ns, 13.4449 us/op
WorkloadResult  26: 65536 op, 886937600.00 ns, 13.5336 us/op
WorkloadResult  27: 65536 op, 904068300.00 ns, 13.7950 us/op
WorkloadResult  28: 65536 op, 848252700.00 ns, 12.9433 us/op
WorkloadResult  29: 65536 op, 890870500.00 ns, 13.5936 us/op
WorkloadResult  30: 65536 op, 891933400.00 ns, 13.6098 us/op
WorkloadResult  31: 65536 op, 886705800.00 ns, 13.5301 us/op
WorkloadResult  32: 65536 op, 915436400.00 ns, 13.9685 us/op
WorkloadResult  33: 65536 op, 946226700.00 ns, 14.4383 us/op
WorkloadResult  34: 65536 op, 925433600.00 ns, 14.1210 us/op
WorkloadResult  35: 65536 op, 865791200.00 ns, 13.2109 us/op
WorkloadResult  36: 65536 op, 908834600.00 ns, 13.8677 us/op
WorkloadResult  37: 65536 op, 866457300.00 ns, 13.2211 us/op
WorkloadResult  38: 65536 op, 715946600.00 ns, 10.9245 us/op
WorkloadResult  39: 65536 op, 901147400.00 ns, 13.7504 us/op
WorkloadResult  40: 65536 op, 846928100.00 ns, 12.9231 us/op
WorkloadResult  41: 65536 op, 863143100.00 ns, 13.1705 us/op
WorkloadResult  42: 65536 op, 865990100.00 ns, 13.2140 us/op
WorkloadResult  43: 65536 op, 923364000.00 ns, 14.0894 us/op
WorkloadResult  44: 65536 op, 909819600.00 ns, 13.8827 us/op
WorkloadResult  45: 65536 op, 899141100.00 ns, 13.7198 us/op
WorkloadResult  46: 65536 op, 899034600.00 ns, 13.7182 us/op
WorkloadResult  47: 65536 op, 950858700.00 ns, 14.5090 us/op
WorkloadResult  48: 65536 op, 852403100.00 ns, 13.0066 us/op
WorkloadResult  49: 65536 op, 906234500.00 ns, 13.8280 us/op
WorkloadResult  50: 65536 op, 910494900.00 ns, 13.8930 us/op
WorkloadResult  51: 65536 op, 901740500.00 ns, 13.7595 us/op
WorkloadResult  52: 65536 op, 855153600.00 ns, 13.0486 us/op
WorkloadResult  53: 65536 op, 900982700.00 ns, 13.7479 us/op
WorkloadResult  54: 65536 op, 913381000.00 ns, 13.9371 us/op
WorkloadResult  55: 65536 op, 921666400.00 ns, 14.0635 us/op
WorkloadResult  56: 65536 op, 923763300.00 ns, 14.0955 us/op
WorkloadResult  57: 65536 op, 908854900.00 ns, 13.8680 us/op
WorkloadResult  58: 65536 op, 913703700.00 ns, 13.9420 us/op
WorkloadResult  59: 65536 op, 907865600.00 ns, 13.8529 us/op
WorkloadResult  60: 65536 op, 870682600.00 ns, 13.2856 us/op
WorkloadResult  61: 65536 op, 822475600.00 ns, 12.5500 us/op
WorkloadResult  62: 65536 op, 900826700.00 ns, 13.7455 us/op
WorkloadResult  63: 65536 op, 908257300.00 ns, 13.8589 us/op
WorkloadResult  64: 65536 op, 826700500.00 ns, 12.6144 us/op
WorkloadResult  65: 65536 op, 883173100.00 ns, 13.4762 us/op
WorkloadResult  66: 65536 op, 914437600.00 ns, 13.9532 us/op
WorkloadResult  67: 65536 op, 815880700.00 ns, 12.4494 us/op
WorkloadResult  68: 65536 op, 932635500.00 ns, 14.2309 us/op
WorkloadResult  69: 65536 op, 924792600.00 ns, 14.1112 us/op
WorkloadResult  70: 65536 op, 834447700.00 ns, 12.7327 us/op
WorkloadResult  71: 65536 op, 895907700.00 ns, 13.6705 us/op
WorkloadResult  72: 65536 op, 937082800.00 ns, 14.2987 us/op
WorkloadResult  73: 65536 op, 862026600.00 ns, 13.1535 us/op
WorkloadResult  74: 65536 op, 924441300.00 ns, 14.1059 us/op
WorkloadResult  75: 65536 op, 931576000.00 ns, 14.2147 us/op
WorkloadResult  76: 65536 op, 927320900.00 ns, 14.1498 us/op
WorkloadResult  77: 65536 op, 894850200.00 ns, 13.6543 us/op
WorkloadResult  78: 65536 op, 908576300.00 ns, 13.8638 us/op
WorkloadResult  79: 65536 op, 873883500.00 ns, 13.3344 us/op
WorkloadResult  80: 65536 op, 929009900.00 ns, 14.1756 us/op
WorkloadResult  81: 65536 op, 904770600.00 ns, 13.8057 us/op
WorkloadResult  82: 65536 op, 880470100.00 ns, 13.4349 us/op
WorkloadResult  83: 65536 op, 905093400.00 ns, 13.8106 us/op
WorkloadResult  84: 65536 op, 887038500.00 ns, 13.5351 us/op
WorkloadResult  85: 65536 op, 869845400.00 ns, 13.2728 us/op
WorkloadResult  86: 65536 op, 920506100.00 ns, 14.0458 us/op
WorkloadResult  87: 65536 op, 828008300.00 ns, 12.6344 us/op
WorkloadResult  88: 65536 op, 879172300.00 ns, 13.4151 us/op
WorkloadResult  89: 65536 op, 891346500.00 ns, 13.6009 us/op
WorkloadResult  90: 65536 op, 889836800.00 ns, 13.5778 us/op
WorkloadResult  91: 65536 op, 919535800.00 ns, 14.0310 us/op
WorkloadResult  92: 65536 op, 869525700.00 ns, 13.2679 us/op
WorkloadResult  93: 65536 op, 882193500.00 ns, 13.4612 us/op
WorkloadResult  94: 65536 op, 909021900.00 ns, 13.8706 us/op
WorkloadResult  95: 65536 op, 887150400.00 ns, 13.5368 us/op
WorkloadResult  96: 65536 op, 912675300.00 ns, 13.9263 us/op
WorkloadResult  97: 65536 op, 913624500.00 ns, 13.9408 us/op
WorkloadResult  98: 65536 op, 891873800.00 ns, 13.6089 us/op
WorkloadResult  99: 65536 op, 894050400.00 ns, 13.6421 us/op
WorkloadResult  100: 65536 op, 904497600.00 ns, 13.8015 us/op
// GC:  170 12 0 2848636440 65536
// Threading:  0 0 65536


Mean = 13.316 us, StdErr = 0.113 us (0.85%), N = 100, StdDev = 1.132 us
Min = 9.313 us, Q1 = 13.221 us, Median = 13.685 us, Q3 = 13.928 us, Max = 14.509 us
IQR = 0.707 us, LowerFence = 12.161 us, UpperFence = 14.988 us
ConfidenceInterval = [12.932 us; 13.700 us] (CI 99.9%), Margin = 0.384 us (2.88% of Mean)
Skewness = -2.16, Kurtosis = 7.02, MValue = 2.07

// ** Remained 5 (55,6%) benchmark(s) to run. Estimated finish 2026-09-17 23:55 (0h 3m from now) **
Setup power plan (GUID: 8c5e7fda-e8bf-4a96-9a85-a6e23a8c635c FriendlyName: Alto desempenho)
// **************************
// Benchmark: CatalogQueryBenchmarks.FieldCamelHumps: Job-JWQWGO(Toolchain=InProcessEmitToolchain) [Collections=100, Fields=1000]
// *** Execute ***
// Launch: 1 / 1

// Benchmark Process Environment Information:
// BenchmarkDotNet v0.15.8
// Runtime=.NET 10.0.12 (10.0.12, 10.0.1226.42308), X64 RyuJIT x86-64-v4
// GC=Concurrent Workstation
// HardwareIntrinsics=AVX512 BITALG+VBMI2+VNNI+VPOPCNTDQ,AVX512 IFMA+VBMI,AVX512 F+BW+CD+DQ+VL,AVX2+BMI1+BMI2+F16C+FMA+LZCNT+MOVBE,AVX,SSE3+SSSE3+SSE4.1+SSE4.2+POPCNT,X86Base+SSE+SSE2,AES+PCLMUL VectorSize=256
// Job: Job-JWQWGO(Toolchain=InProcessEmitToolchain)

OverheadJitting  1: 1 op, 178700.00 ns, 178.7000 us/op
WorkloadJitting  1: 1 op, 164400.00 ns, 164.4000 us/op

OverheadJitting  2: 16 op, 295300.00 ns, 18.4563 us/op
WorkloadJitting  2: 16 op, 808100.00 ns, 50.5063 us/op

WorkloadPilot    1: 16 op, 549900.00 ns, 34.3688 us/op
WorkloadPilot    2: 32 op, 1402600.00 ns, 43.8313 us/op
WorkloadPilot    3: 64 op, 3016400.00 ns, 47.1313 us/op
WorkloadPilot    4: 128 op, 4858500.00 ns, 37.9570 us/op
WorkloadPilot    5: 256 op, 9041100.00 ns, 35.3168 us/op
WorkloadPilot    6: 512 op, 17259600.00 ns, 33.7102 us/op
WorkloadPilot    7: 1024 op, 56705000.00 ns, 55.3760 us/op
WorkloadPilot    8: 2048 op, 99421700.00 ns, 48.5458 us/op
WorkloadPilot    9: 4096 op, 173168700.00 ns, 42.2775 us/op
WorkloadPilot   10: 8192 op, 389872000.00 ns, 47.5918 us/op
WorkloadPilot   11: 16384 op, 807876200.00 ns, 49.3089 us/op

OverheadWarmup   1: 16384 op, 29800.00 ns, 1.8188 ns/op
OverheadWarmup   2: 16384 op, 32100.00 ns, 1.9592 ns/op
OverheadWarmup   3: 16384 op, 26600.00 ns, 1.6235 ns/op
OverheadWarmup   4: 16384 op, 30200.00 ns, 1.8433 ns/op
OverheadWarmup   5: 16384 op, 34100.00 ns, 2.0813 ns/op
OverheadWarmup   6: 16384 op, 26100.00 ns, 1.5930 ns/op

OverheadActual   1: 16384 op, 29600.00 ns, 1.8066 ns/op
OverheadActual   2: 16384 op, 24100.00 ns, 1.4709 ns/op
OverheadActual   3: 16384 op, 25000.00 ns, 1.5259 ns/op
OverheadActual   4: 16384 op, 32200.00 ns, 1.9653 ns/op
OverheadActual   5: 16384 op, 28400.00 ns, 1.7334 ns/op
OverheadActual   6: 16384 op, 25100.00 ns, 1.5320 ns/op
OverheadActual   7: 16384 op, 30300.00 ns, 1.8494 ns/op
OverheadActual   8: 16384 op, 27900.00 ns, 1.7029 ns/op
OverheadActual   9: 16384 op, 27700.00 ns, 1.6907 ns/op
OverheadActual  10: 16384 op, 28000.00 ns, 1.7090 ns/op
OverheadActual  11: 16384 op, 27400.00 ns, 1.6724 ns/op
OverheadActual  12: 16384 op, 27000.00 ns, 1.6479 ns/op
OverheadActual  13: 16384 op, 25400.00 ns, 1.5503 ns/op
OverheadActual  14: 16384 op, 27200.00 ns, 1.6602 ns/op
OverheadActual  15: 16384 op, 26800.00 ns, 1.6357 ns/op
OverheadActual  16: 16384 op, 31900.00 ns, 1.9470 ns/op
OverheadActual  17: 16384 op, 28600.00 ns, 1.7456 ns/op
OverheadActual  18: 16384 op, 27300.00 ns, 1.6663 ns/op
OverheadActual  19: 16384 op, 26700.00 ns, 1.6296 ns/op
OverheadActual  20: 16384 op, 32900.00 ns, 2.0081 ns/op

WorkloadWarmup   1: 16384 op, 730928400.00 ns, 44.6123 us/op
WorkloadWarmup   2: 16384 op, 812505300.00 ns, 49.5914 us/op
WorkloadWarmup   3: 16384 op, 801480600.00 ns, 48.9185 us/op
WorkloadWarmup   4: 16384 op, 774825300.00 ns, 47.2916 us/op
WorkloadWarmup   5: 16384 op, 830163000.00 ns, 50.6691 us/op
WorkloadWarmup   6: 16384 op, 793334100.00 ns, 48.4213 us/op

WorkloadActual   1: 16384 op, 769385700.00 ns, 46.9596 us/op
WorkloadActual   2: 16384 op, 817257200.00 ns, 49.8814 us/op
WorkloadActual   3: 16384 op, 818107300.00 ns, 49.9333 us/op
WorkloadActual   4: 16384 op, 746207900.00 ns, 45.5449 us/op
WorkloadActual   5: 16384 op, 845278600.00 ns, 51.5917 us/op
WorkloadActual   6: 16384 op, 795666600.00 ns, 48.5636 us/op
WorkloadActual   7: 16384 op, 793877200.00 ns, 48.4544 us/op
WorkloadActual   8: 16384 op, 747980000.00 ns, 45.6531 us/op
WorkloadActual   9: 16384 op, 819974800.00 ns, 50.0473 us/op
WorkloadActual  10: 16384 op, 813925600.00 ns, 49.6781 us/op
WorkloadActual  11: 16384 op, 793667700.00 ns, 48.4416 us/op
WorkloadActual  12: 16384 op, 816224400.00 ns, 49.8184 us/op
WorkloadActual  13: 16384 op, 828169400.00 ns, 50.5474 us/op
WorkloadActual  14: 16384 op, 772292400.00 ns, 47.1370 us/op
WorkloadActual  15: 16384 op, 805273200.00 ns, 49.1500 us/op
WorkloadActual  16: 16384 op, 776002300.00 ns, 47.3634 us/op
WorkloadActual  17: 16384 op, 784158800.00 ns, 47.8613 us/op
WorkloadActual  18: 16384 op, 776065900.00 ns, 47.3673 us/op
WorkloadActual  19: 16384 op, 814438200.00 ns, 49.7094 us/op
WorkloadActual  20: 16384 op, 812855200.00 ns, 49.6127 us/op
WorkloadActual  21: 16384 op, 832751300.00 ns, 50.8271 us/op
WorkloadActual  22: 16384 op, 799095500.00 ns, 48.7729 us/op
WorkloadActual  23: 16384 op, 835732100.00 ns, 51.0090 us/op
WorkloadActual  24: 16384 op, 801803400.00 ns, 48.9382 us/op
WorkloadActual  25: 16384 op, 825338800.00 ns, 50.3747 us/op
WorkloadActual  26: 16384 op, 813555500.00 ns, 49.6555 us/op
WorkloadActual  27: 16384 op, 839442200.00 ns, 51.2355 us/op
WorkloadActual  28: 16384 op, 773622000.00 ns, 47.2181 us/op
WorkloadActual  29: 16384 op, 840535300.00 ns, 51.3022 us/op
WorkloadActual  30: 16384 op, 763756500.00 ns, 46.6160 us/op
WorkloadActual  31: 16384 op, 867728500.00 ns, 52.9619 us/op
WorkloadActual  32: 16384 op, 790441400.00 ns, 48.2447 us/op
WorkloadActual  33: 16384 op, 752983300.00 ns, 45.9585 us/op
WorkloadActual  34: 16384 op, 814928000.00 ns, 49.7393 us/op
WorkloadActual  35: 16384 op, 843535600.00 ns, 51.4853 us/op
WorkloadActual  36: 16384 op, 814685400.00 ns, 49.7245 us/op
WorkloadActual  37: 16384 op, 779799400.00 ns, 47.5952 us/op
WorkloadActual  38: 16384 op, 822391700.00 ns, 50.1948 us/op
WorkloadActual  39: 16384 op, 841894000.00 ns, 51.3851 us/op
WorkloadActual  40: 16384 op, 834928200.00 ns, 50.9600 us/op
WorkloadActual  41: 16384 op, 812717300.00 ns, 49.6043 us/op

WorkloadResult   1: 16384 op, 769358150.00 ns, 46.9579 us/op
WorkloadResult   2: 16384 op, 817229650.00 ns, 49.8797 us/op
WorkloadResult   3: 16384 op, 818079750.00 ns, 49.9316 us/op
WorkloadResult   4: 16384 op, 746180350.00 ns, 45.5432 us/op
WorkloadResult   5: 16384 op, 845251050.00 ns, 51.5900 us/op
WorkloadResult   6: 16384 op, 795639050.00 ns, 48.5620 us/op
WorkloadResult   7: 16384 op, 793849650.00 ns, 48.4527 us/op
WorkloadResult   8: 16384 op, 747952450.00 ns, 45.6514 us/op
WorkloadResult   9: 16384 op, 819947250.00 ns, 50.0456 us/op
WorkloadResult  10: 16384 op, 813898050.00 ns, 49.6764 us/op
WorkloadResult  11: 16384 op, 793640150.00 ns, 48.4400 us/op
WorkloadResult  12: 16384 op, 816196850.00 ns, 49.8167 us/op
WorkloadResult  13: 16384 op, 828141850.00 ns, 50.5458 us/op
WorkloadResult  14: 16384 op, 772264850.00 ns, 47.1353 us/op
WorkloadResult  15: 16384 op, 805245650.00 ns, 49.1483 us/op
WorkloadResult  16: 16384 op, 775974750.00 ns, 47.3617 us/op
WorkloadResult  17: 16384 op, 784131250.00 ns, 47.8596 us/op
WorkloadResult  18: 16384 op, 776038350.00 ns, 47.3656 us/op
WorkloadResult  19: 16384 op, 814410650.00 ns, 49.7077 us/op
WorkloadResult  20: 16384 op, 812827650.00 ns, 49.6111 us/op
WorkloadResult  21: 16384 op, 832723750.00 ns, 50.8254 us/op
WorkloadResult  22: 16384 op, 799067950.00 ns, 48.7712 us/op
WorkloadResult  23: 16384 op, 835704550.00 ns, 51.0074 us/op
WorkloadResult  24: 16384 op, 801775850.00 ns, 48.9365 us/op
WorkloadResult  25: 16384 op, 825311250.00 ns, 50.3730 us/op
WorkloadResult  26: 16384 op, 813527950.00 ns, 49.6538 us/op
WorkloadResult  27: 16384 op, 839414650.00 ns, 51.2338 us/op
WorkloadResult  28: 16384 op, 773594450.00 ns, 47.2165 us/op
WorkloadResult  29: 16384 op, 840507750.00 ns, 51.3005 us/op
WorkloadResult  30: 16384 op, 763728950.00 ns, 46.6143 us/op
WorkloadResult  31: 16384 op, 867700950.00 ns, 52.9603 us/op
WorkloadResult  32: 16384 op, 790413850.00 ns, 48.2430 us/op
WorkloadResult  33: 16384 op, 752955750.00 ns, 45.9568 us/op
WorkloadResult  34: 16384 op, 814900450.00 ns, 49.7376 us/op
WorkloadResult  35: 16384 op, 843508050.00 ns, 51.4836 us/op
WorkloadResult  36: 16384 op, 814657850.00 ns, 49.7228 us/op
WorkloadResult  37: 16384 op, 779771850.00 ns, 47.5935 us/op
WorkloadResult  38: 16384 op, 822364150.00 ns, 50.1931 us/op
WorkloadResult  39: 16384 op, 841866450.00 ns, 51.3835 us/op
WorkloadResult  40: 16384 op, 834900650.00 ns, 50.9583 us/op
WorkloadResult  41: 16384 op, 812689750.00 ns, 49.6026 us/op
// GC:  166 30 0 2783751736 16384
// Threading:  0 0 16384


Mean = 49.196 us, StdErr = 0.277 us (0.56%), N = 41, StdDev = 1.771 us
Min = 45.543 us, Q1 = 47.860 us, Median = 49.654 us, Q3 = 50.373 us, Max = 52.960 us
IQR = 2.513 us, LowerFence = 44.089 us, UpperFence = 54.143 us
ConfidenceInterval = [48.214 us; 50.178 us] (CI 99.9%), Margin = 0.982 us (2.00% of Mean)
Skewness = -0.28, Kurtosis = 2.33, MValue = 2.8

// ** Remained 4 (44,4%) benchmark(s) to run. Estimated finish 2026-09-17 23:55 (0h 2m from now) **
Setup power plan (GUID: 8c5e7fda-e8bf-4a96-9a85-a6e23a8c635c FriendlyName: Alto desempenho)
// **************************
// Benchmark: CatalogQueryBenchmarks.FieldCamelHumps: Job-JWQWGO(Toolchain=InProcessEmitToolchain) [Collections=100, Fields=10000]
// *** Execute ***
// Launch: 1 / 1

// Benchmark Process Environment Information:
// BenchmarkDotNet v0.15.8
// Runtime=.NET 10.0.12 (10.0.12, 10.0.1226.42308), X64 RyuJIT x86-64-v4
// GC=Concurrent Workstation
// HardwareIntrinsics=AVX512 BITALG+VBMI2+VNNI+VPOPCNTDQ,AVX512 IFMA+VBMI,AVX512 F+BW+CD+DQ+VL,AVX2+BMI1+BMI2+F16C+FMA+LZCNT+MOVBE,AVX,SSE3+SSSE3+SSE4.1+SSE4.2+POPCNT,X86Base+SSE+SSE2,AES+PCLMUL VectorSize=256
// Job: Job-JWQWGO(Toolchain=InProcessEmitToolchain)

OverheadJitting  1: 1 op, 323600.00 ns, 323.6000 us/op
WorkloadJitting  1: 1 op, 226800.00 ns, 226.8000 us/op

OverheadJitting  2: 16 op, 405000.00 ns, 25.3125 us/op
WorkloadJitting  2: 16 op, 1069400.00 ns, 66.8375 us/op

WorkloadPilot    1: 16 op, 947400.00 ns, 59.2125 us/op
WorkloadPilot    2: 32 op, 2252700.00 ns, 70.3969 us/op
WorkloadPilot    3: 64 op, 3584200.00 ns, 56.0031 us/op
WorkloadPilot    4: 128 op, 9318400.00 ns, 72.8000 us/op
WorkloadPilot    5: 256 op, 13675500.00 ns, 53.4199 us/op
WorkloadPilot    6: 512 op, 28150100.00 ns, 54.9807 us/op
WorkloadPilot    7: 1024 op, 53565100.00 ns, 52.3097 us/op
WorkloadPilot    8: 2048 op, 96036500.00 ns, 46.8928 us/op
WorkloadPilot    9: 4096 op, 159577100.00 ns, 38.9593 us/op
WorkloadPilot   10: 8192 op, 396551400.00 ns, 48.4072 us/op
WorkloadPilot   11: 16384 op, 784269800.00 ns, 47.8680 us/op

OverheadWarmup   1: 16384 op, 38900.00 ns, 2.3743 ns/op
OverheadWarmup   2: 16384 op, 35700.00 ns, 2.1790 ns/op
OverheadWarmup   3: 16384 op, 36900.00 ns, 2.2522 ns/op
OverheadWarmup   4: 16384 op, 36800.00 ns, 2.2461 ns/op
OverheadWarmup   5: 16384 op, 35600.00 ns, 2.1729 ns/op
OverheadWarmup   6: 16384 op, 35600.00 ns, 2.1729 ns/op
OverheadWarmup   7: 16384 op, 35800.00 ns, 2.1851 ns/op

OverheadActual   1: 16384 op, 26400.00 ns, 1.6113 ns/op
OverheadActual   2: 16384 op, 28800.00 ns, 1.7578 ns/op
OverheadActual   3: 16384 op, 26500.00 ns, 1.6174 ns/op
OverheadActual   4: 16384 op, 29500.00 ns, 1.8005 ns/op
OverheadActual   5: 16384 op, 28900.00 ns, 1.7639 ns/op
OverheadActual   6: 16384 op, 25400.00 ns, 1.5503 ns/op
OverheadActual   7: 16384 op, 35800.00 ns, 2.1851 ns/op
OverheadActual   8: 16384 op, 25400.00 ns, 1.5503 ns/op
OverheadActual   9: 16384 op, 36900.00 ns, 2.2522 ns/op
OverheadActual  10: 16384 op, 25900.00 ns, 1.5808 ns/op
OverheadActual  11: 16384 op, 27100.00 ns, 1.6541 ns/op
OverheadActual  12: 16384 op, 28700.00 ns, 1.7517 ns/op
OverheadActual  13: 16384 op, 25900.00 ns, 1.5808 ns/op
OverheadActual  14: 16384 op, 31200.00 ns, 1.9043 ns/op
OverheadActual  15: 16384 op, 35700.00 ns, 2.1790 ns/op
OverheadActual  16: 16384 op, 36800.00 ns, 2.2461 ns/op
OverheadActual  17: 16384 op, 27500.00 ns, 1.6785 ns/op
OverheadActual  18: 16384 op, 19700.00 ns, 1.2024 ns/op
OverheadActual  19: 16384 op, 35600.00 ns, 2.1729 ns/op
OverheadActual  20: 16384 op, 34800.00 ns, 2.1240 ns/op

WorkloadWarmup   1: 16384 op, 824020900.00 ns, 50.2942 us/op
WorkloadWarmup   2: 16384 op, 822958200.00 ns, 50.2294 us/op
WorkloadWarmup   3: 16384 op, 850542800.00 ns, 51.9130 us/op
WorkloadWarmup   4: 16384 op, 842344900.00 ns, 51.4127 us/op
WorkloadWarmup   5: 16384 op, 839073900.00 ns, 51.2130 us/op
WorkloadWarmup   6: 16384 op, 752206300.00 ns, 45.9110 us/op
WorkloadWarmup   7: 16384 op, 779617200.00 ns, 47.5841 us/op
WorkloadWarmup   8: 16384 op, 709928700.00 ns, 43.3306 us/op

WorkloadActual   1: 16384 op, 813486500.00 ns, 49.6513 us/op
WorkloadActual   2: 16384 op, 812729700.00 ns, 49.6051 us/op
WorkloadActual   3: 16384 op, 827261200.00 ns, 50.4920 us/op
WorkloadActual   4: 16384 op, 823723600.00 ns, 50.2761 us/op
WorkloadActual   5: 16384 op, 844454700.00 ns, 51.5414 us/op
WorkloadActual   6: 16384 op, 812207800.00 ns, 49.5732 us/op
WorkloadActual   7: 16384 op, 829802200.00 ns, 50.6471 us/op
WorkloadActual   8: 16384 op, 795865400.00 ns, 48.5758 us/op
WorkloadActual   9: 16384 op, 821454800.00 ns, 50.1376 us/op
WorkloadActual  10: 16384 op, 821964200.00 ns, 50.1687 us/op
WorkloadActual  11: 16384 op, 834134100.00 ns, 50.9115 us/op
WorkloadActual  12: 16384 op, 816831200.00 ns, 49.8554 us/op
WorkloadActual  13: 16384 op, 833766500.00 ns, 50.8891 us/op
WorkloadActual  14: 16384 op, 829077300.00 ns, 50.6029 us/op
WorkloadActual  15: 16384 op, 811735300.00 ns, 49.5444 us/op

WorkloadResult   1: 16384 op, 813457750.00 ns, 49.6495 us/op
WorkloadResult   2: 16384 op, 812700950.00 ns, 49.6033 us/op
WorkloadResult   3: 16384 op, 827232450.00 ns, 50.4903 us/op
WorkloadResult   4: 16384 op, 823694850.00 ns, 50.2743 us/op
WorkloadResult   5: 16384 op, 844425950.00 ns, 51.5397 us/op
WorkloadResult   6: 16384 op, 812179050.00 ns, 49.5715 us/op
WorkloadResult   7: 16384 op, 829773450.00 ns, 50.6454 us/op
WorkloadResult   8: 16384 op, 795836650.00 ns, 48.5740 us/op
WorkloadResult   9: 16384 op, 821426050.00 ns, 50.1359 us/op
WorkloadResult  10: 16384 op, 821935450.00 ns, 50.1670 us/op
WorkloadResult  11: 16384 op, 834105350.00 ns, 50.9098 us/op
WorkloadResult  12: 16384 op, 816802450.00 ns, 49.8537 us/op
WorkloadResult  13: 16384 op, 833737750.00 ns, 50.8873 us/op
WorkloadResult  14: 16384 op, 829048550.00 ns, 50.6011 us/op
WorkloadResult  15: 16384 op, 811706550.00 ns, 49.5426 us/op
// GC:  166 30 0 2783751736 16384
// Threading:  0 0 16384


Mean = 50.163 us, StdErr = 0.188 us (0.38%), N = 15, StdDev = 0.730 us
Min = 48.574 us, Q1 = 49.626 us, Median = 50.167 us, Q3 = 50.623 us, Max = 51.540 us
IQR = 0.997 us, LowerFence = 48.131 us, UpperFence = 52.118 us
ConfidenceInterval = [49.383 us; 50.943 us] (CI 99.9%), Margin = 0.780 us (1.56% of Mean)
Skewness = -0.2, Kurtosis = 2.61, MValue = 2

// ** Remained 3 (33,3%) benchmark(s) to run. Estimated finish 2026-09-17 23:54 (0h 1m from now) **
Setup power plan (GUID: 8c5e7fda-e8bf-4a96-9a85-a6e23a8c635c FriendlyName: Alto desempenho)
// **************************
// Benchmark: CatalogQueryBenchmarks.FieldCamelHumps: Job-JWQWGO(Toolchain=InProcessEmitToolchain) [Collections=1000, Fields=100]
// *** Execute ***
// Launch: 1 / 1

// Benchmark Process Environment Information:
// BenchmarkDotNet v0.15.8
// Runtime=.NET 10.0.12 (10.0.12, 10.0.1226.42308), X64 RyuJIT x86-64-v4
// GC=Concurrent Workstation
// HardwareIntrinsics=AVX512 BITALG+VBMI2+VNNI+VPOPCNTDQ,AVX512 IFMA+VBMI,AVX512 F+BW+CD+DQ+VL,AVX2+BMI1+BMI2+F16C+FMA+LZCNT+MOVBE,AVX,SSE3+SSSE3+SSE4.1+SSE4.2+POPCNT,X86Base+SSE+SSE2,AES+PCLMUL VectorSize=256
// Job: Job-JWQWGO(Toolchain=InProcessEmitToolchain)

OverheadJitting  1: 1 op, 154800.00 ns, 154.8000 us/op
WorkloadJitting  1: 1 op, 139400.00 ns, 139.4000 us/op

OverheadJitting  2: 16 op, 270400.00 ns, 16.9000 us/op
WorkloadJitting  2: 16 op, 479900.00 ns, 29.9938 us/op

WorkloadPilot    1: 16 op, 189800.00 ns, 11.8625 us/op
WorkloadPilot    2: 32 op, 527800.00 ns, 16.4938 us/op
WorkloadPilot    3: 64 op, 674200.00 ns, 10.5344 us/op
WorkloadPilot    4: 128 op, 1186600.00 ns, 9.2703 us/op
WorkloadPilot    5: 256 op, 3226600.00 ns, 12.6039 us/op
WorkloadPilot    6: 512 op, 6802600.00 ns, 13.2863 us/op
WorkloadPilot    7: 1024 op, 16497900.00 ns, 16.1112 us/op
WorkloadPilot    8: 2048 op, 30387900.00 ns, 14.8378 us/op
WorkloadPilot    9: 4096 op, 59498900.00 ns, 14.5261 us/op
WorkloadPilot   10: 8192 op, 120422700.00 ns, 14.7000 us/op
WorkloadPilot   11: 16384 op, 222323700.00 ns, 13.5696 us/op
WorkloadPilot   12: 32768 op, 427518700.00 ns, 13.0468 us/op
WorkloadPilot   13: 65536 op, 845735800.00 ns, 12.9049 us/op

OverheadWarmup   1: 65536 op, 145200.00 ns, 2.2156 ns/op
OverheadWarmup   2: 65536 op, 142200.00 ns, 2.1698 ns/op
OverheadWarmup   3: 65536 op, 141200.00 ns, 2.1545 ns/op
OverheadWarmup   4: 65536 op, 84200.00 ns, 1.2848 ns/op
OverheadWarmup   5: 65536 op, 84100.00 ns, 1.2833 ns/op
OverheadWarmup   6: 65536 op, 82100.00 ns, 1.2527 ns/op
OverheadWarmup   7: 65536 op, 82100.00 ns, 1.2527 ns/op
OverheadWarmup   8: 65536 op, 84100.00 ns, 1.2833 ns/op
OverheadWarmup   9: 65536 op, 87300.00 ns, 1.3321 ns/op
OverheadWarmup  10: 65536 op, 79900.00 ns, 1.2192 ns/op

OverheadActual   1: 65536 op, 84400.00 ns, 1.2878 ns/op
OverheadActual   2: 65536 op, 105500.00 ns, 1.6098 ns/op
OverheadActual   3: 65536 op, 80100.00 ns, 1.2222 ns/op
OverheadActual   4: 65536 op, 82000.00 ns, 1.2512 ns/op
OverheadActual   5: 65536 op, 81600.00 ns, 1.2451 ns/op
OverheadActual   6: 65536 op, 79500.00 ns, 1.2131 ns/op
OverheadActual   7: 65536 op, 93400.00 ns, 1.4252 ns/op
OverheadActual   8: 65536 op, 82300.00 ns, 1.2558 ns/op
OverheadActual   9: 65536 op, 81900.00 ns, 1.2497 ns/op
OverheadActual  10: 65536 op, 95900.00 ns, 1.4633 ns/op
OverheadActual  11: 65536 op, 79900.00 ns, 1.2192 ns/op
OverheadActual  12: 65536 op, 79400.00 ns, 1.2115 ns/op
OverheadActual  13: 65536 op, 81600.00 ns, 1.2451 ns/op
OverheadActual  14: 65536 op, 84100.00 ns, 1.2833 ns/op
OverheadActual  15: 65536 op, 82000.00 ns, 1.2512 ns/op

WorkloadWarmup   1: 65536 op, 746672700.00 ns, 11.3933 us/op
WorkloadWarmup   2: 65536 op, 903007500.00 ns, 13.7788 us/op
WorkloadWarmup   3: 65536 op, 942557000.00 ns, 14.3823 us/op
WorkloadWarmup   4: 65536 op, 918341200.00 ns, 14.0128 us/op
WorkloadWarmup   5: 65536 op, 870033300.00 ns, 13.2757 us/op
WorkloadWarmup   6: 65536 op, 937127100.00 ns, 14.2994 us/op
WorkloadWarmup   7: 65536 op, 920350300.00 ns, 14.0434 us/op

WorkloadActual   1: 65536 op, 916347100.00 ns, 13.9823 us/op
WorkloadActual   2: 65536 op, 816857200.00 ns, 12.4643 us/op
WorkloadActual   3: 65536 op, 922211200.00 ns, 14.0718 us/op
WorkloadActual   4: 65536 op, 870245000.00 ns, 13.2789 us/op
WorkloadActual   5: 65536 op, 943167200.00 ns, 14.3916 us/op
WorkloadActual   6: 65536 op, 930056600.00 ns, 14.1915 us/op
WorkloadActual   7: 65536 op, 899191300.00 ns, 13.7206 us/op
WorkloadActual   8: 65536 op, 917833300.00 ns, 14.0050 us/op
WorkloadActual   9: 65536 op, 914112600.00 ns, 13.9483 us/op
WorkloadActual  10: 65536 op, 893407300.00 ns, 13.6323 us/op
WorkloadActual  11: 65536 op, 899968000.00 ns, 13.7324 us/op
WorkloadActual  12: 65536 op, 930595000.00 ns, 14.1998 us/op
WorkloadActual  13: 65536 op, 833055100.00 ns, 12.7114 us/op
WorkloadActual  14: 65536 op, 937363000.00 ns, 14.3030 us/op
WorkloadActual  15: 65536 op, 788353500.00 ns, 12.0293 us/op
WorkloadActual  16: 65536 op, 859898800.00 ns, 13.1210 us/op
WorkloadActual  17: 65536 op, 874124700.00 ns, 13.3381 us/op
WorkloadActual  18: 65536 op, 906050500.00 ns, 13.8252 us/op
WorkloadActual  19: 65536 op, 923204600.00 ns, 14.0870 us/op
WorkloadActual  20: 65536 op, 860609600.00 ns, 13.1319 us/op
WorkloadActual  21: 65536 op, 920846900.00 ns, 14.0510 us/op
WorkloadActual  22: 65536 op, 836419800.00 ns, 12.7628 us/op
WorkloadActual  23: 65536 op, 888047600.00 ns, 13.5505 us/op
WorkloadActual  24: 65536 op, 892219700.00 ns, 13.6142 us/op
WorkloadActual  25: 65536 op, 902576800.00 ns, 13.7722 us/op
WorkloadActual  26: 65536 op, 911662900.00 ns, 13.9109 us/op
WorkloadActual  27: 65536 op, 829583000.00 ns, 12.6584 us/op
WorkloadActual  28: 65536 op, 850196500.00 ns, 12.9730 us/op
WorkloadActual  29: 65536 op, 882101000.00 ns, 13.4598 us/op
WorkloadActual  30: 65536 op, 931861600.00 ns, 14.2191 us/op
WorkloadActual  31: 65536 op, 903188100.00 ns, 13.7816 us/op
WorkloadActual  32: 65536 op, 924336200.00 ns, 14.1043 us/op
WorkloadActual  33: 65536 op, 863998900.00 ns, 13.1836 us/op
WorkloadActual  34: 65536 op, 889811100.00 ns, 13.5774 us/op
WorkloadActual  35: 65536 op, 909862100.00 ns, 13.8834 us/op
WorkloadActual  36: 65536 op, 866947900.00 ns, 13.2286 us/op
WorkloadActual  37: 65536 op, 921216500.00 ns, 14.0566 us/op
WorkloadActual  38: 65536 op, 916732100.00 ns, 13.9882 us/op
WorkloadActual  39: 65536 op, 878102300.00 ns, 13.3988 us/op
WorkloadActual  40: 65536 op, 910204500.00 ns, 13.8886 us/op
WorkloadActual  41: 65536 op, 894159900.00 ns, 13.6438 us/op
WorkloadActual  42: 65536 op, 902106600.00 ns, 13.7651 us/op
WorkloadActual  43: 65536 op, 899890400.00 ns, 13.7312 us/op
WorkloadActual  44: 65536 op, 920840400.00 ns, 14.0509 us/op
WorkloadActual  45: 65536 op, 926414900.00 ns, 14.1360 us/op
WorkloadActual  46: 65536 op, 902011100.00 ns, 13.7636 us/op

WorkloadResult   1: 65536 op, 916265100.00 ns, 13.9811 us/op
WorkloadResult   2: 65536 op, 816775200.00 ns, 12.4630 us/op
WorkloadResult   3: 65536 op, 922129200.00 ns, 14.0706 us/op
WorkloadResult   4: 65536 op, 870163000.00 ns, 13.2776 us/op
WorkloadResult   5: 65536 op, 943085200.00 ns, 14.3903 us/op
WorkloadResult   6: 65536 op, 929974600.00 ns, 14.1903 us/op
WorkloadResult   7: 65536 op, 899109300.00 ns, 13.7193 us/op
WorkloadResult   8: 65536 op, 917751300.00 ns, 14.0038 us/op
WorkloadResult   9: 65536 op, 914030600.00 ns, 13.9470 us/op
WorkloadResult  10: 65536 op, 893325300.00 ns, 13.6311 us/op
WorkloadResult  11: 65536 op, 899886000.00 ns, 13.7312 us/op
WorkloadResult  12: 65536 op, 930513000.00 ns, 14.1985 us/op
WorkloadResult  13: 65536 op, 832973100.00 ns, 12.7102 us/op
WorkloadResult  14: 65536 op, 937281000.00 ns, 14.3018 us/op
WorkloadResult  15: 65536 op, 788271500.00 ns, 12.0281 us/op
WorkloadResult  16: 65536 op, 859816800.00 ns, 13.1198 us/op
WorkloadResult  17: 65536 op, 874042700.00 ns, 13.3368 us/op
WorkloadResult  18: 65536 op, 905968500.00 ns, 13.8240 us/op
WorkloadResult  19: 65536 op, 923122600.00 ns, 14.0857 us/op
WorkloadResult  20: 65536 op, 860527600.00 ns, 13.1306 us/op
WorkloadResult  21: 65536 op, 920764900.00 ns, 14.0498 us/op
WorkloadResult  22: 65536 op, 836337800.00 ns, 12.7615 us/op
WorkloadResult  23: 65536 op, 887965600.00 ns, 13.5493 us/op
WorkloadResult  24: 65536 op, 892137700.00 ns, 13.6129 us/op
WorkloadResult  25: 65536 op, 902494800.00 ns, 13.7710 us/op
WorkloadResult  26: 65536 op, 911580900.00 ns, 13.9096 us/op
WorkloadResult  27: 65536 op, 829501000.00 ns, 12.6572 us/op
WorkloadResult  28: 65536 op, 850114500.00 ns, 12.9717 us/op
WorkloadResult  29: 65536 op, 882019000.00 ns, 13.4585 us/op
WorkloadResult  30: 65536 op, 931779600.00 ns, 14.2178 us/op
WorkloadResult  31: 65536 op, 903106100.00 ns, 13.7803 us/op
WorkloadResult  32: 65536 op, 924254200.00 ns, 14.1030 us/op
WorkloadResult  33: 65536 op, 863916900.00 ns, 13.1823 us/op
WorkloadResult  34: 65536 op, 889729100.00 ns, 13.5762 us/op
WorkloadResult  35: 65536 op, 909780100.00 ns, 13.8821 us/op
WorkloadResult  36: 65536 op, 866865900.00 ns, 13.2273 us/op
WorkloadResult  37: 65536 op, 921134500.00 ns, 14.0554 us/op
WorkloadResult  38: 65536 op, 916650100.00 ns, 13.9870 us/op
WorkloadResult  39: 65536 op, 878020300.00 ns, 13.3975 us/op
WorkloadResult  40: 65536 op, 910122500.00 ns, 13.8874 us/op
WorkloadResult  41: 65536 op, 894077900.00 ns, 13.6425 us/op
WorkloadResult  42: 65536 op, 902024600.00 ns, 13.7638 us/op
WorkloadResult  43: 65536 op, 899808400.00 ns, 13.7300 us/op
WorkloadResult  44: 65536 op, 920758400.00 ns, 14.0497 us/op
WorkloadResult  45: 65536 op, 926332900.00 ns, 14.1347 us/op
WorkloadResult  46: 65536 op, 901929100.00 ns, 13.7623 us/op
// GC:  170 12 0 2848636440 65536
// Threading:  0 0 65536


Mean = 13.636 us, StdErr = 0.077 us (0.57%), N = 46, StdDev = 0.524 us
Min = 12.028 us, Q1 = 13.352 us, Median = 13.763 us, Q3 = 14.038 us, Max = 14.390 us
IQR = 0.686 us, LowerFence = 12.323 us, UpperFence = 15.067 us
ConfidenceInterval = [13.364 us; 13.908 us] (CI 99.9%), Margin = 0.272 us (1.99% of Mean)
Skewness = -1.04, Kurtosis = 3.59, MValue = 2

// ** Remained 2 (22,2%) benchmark(s) to run. Estimated finish 2026-09-17 23:55 (0h 1m from now) **
Setup power plan (GUID: 8c5e7fda-e8bf-4a96-9a85-a6e23a8c635c FriendlyName: Alto desempenho)
// **************************
// Benchmark: CatalogQueryBenchmarks.FieldCamelHumps: Job-JWQWGO(Toolchain=InProcessEmitToolchain) [Collections=1000, Fields=1000]
// *** Execute ***
// Launch: 1 / 1

// Benchmark Process Environment Information:
// BenchmarkDotNet v0.15.8
// Runtime=.NET 10.0.12 (10.0.12, 10.0.1226.42308), X64 RyuJIT x86-64-v4
// GC=Concurrent Workstation
// HardwareIntrinsics=AVX512 BITALG+VBMI2+VNNI+VPOPCNTDQ,AVX512 IFMA+VBMI,AVX512 F+BW+CD+DQ+VL,AVX2+BMI1+BMI2+F16C+FMA+LZCNT+MOVBE,AVX,SSE3+SSSE3+SSE4.1+SSE4.2+POPCNT,X86Base+SSE+SSE2,AES+PCLMUL VectorSize=256
// Job: Job-JWQWGO(Toolchain=InProcessEmitToolchain)

OverheadJitting  1: 1 op, 183100.00 ns, 183.1000 us/op
WorkloadJitting  1: 1 op, 172800.00 ns, 172.8000 us/op

OverheadJitting  2: 16 op, 281700.00 ns, 17.6063 us/op
WorkloadJitting  2: 16 op, 856700.00 ns, 53.5438 us/op

WorkloadPilot    1: 16 op, 555200.00 ns, 34.7000 us/op
WorkloadPilot    2: 32 op, 1460600.00 ns, 45.6438 us/op
WorkloadPilot    3: 64 op, 3263800.00 ns, 50.9969 us/op
WorkloadPilot    4: 128 op, 6172900.00 ns, 48.2258 us/op
WorkloadPilot    5: 256 op, 8776700.00 ns, 34.2840 us/op
WorkloadPilot    6: 512 op, 18435300.00 ns, 36.0064 us/op
WorkloadPilot    7: 1024 op, 55436300.00 ns, 54.1370 us/op
WorkloadPilot    8: 2048 op, 100472800.00 ns, 49.0590 us/op
WorkloadPilot    9: 4096 op, 207025600.00 ns, 50.5434 us/op
WorkloadPilot   10: 8192 op, 414017500.00 ns, 50.5392 us/op
WorkloadPilot   11: 16384 op, 824502500.00 ns, 50.3236 us/op

OverheadWarmup   1: 16384 op, 39200.00 ns, 2.3926 ns/op
OverheadWarmup   2: 16384 op, 35800.00 ns, 2.1851 ns/op
OverheadWarmup   3: 16384 op, 33800.00 ns, 2.0630 ns/op
OverheadWarmup   4: 16384 op, 34700.00 ns, 2.1179 ns/op
OverheadWarmup   5: 16384 op, 25400.00 ns, 1.5503 ns/op
OverheadWarmup   6: 16384 op, 26500.00 ns, 1.6174 ns/op
OverheadWarmup   7: 16384 op, 33700.00 ns, 2.0569 ns/op
OverheadWarmup   8: 16384 op, 26600.00 ns, 1.6235 ns/op

OverheadActual   1: 16384 op, 26300.00 ns, 1.6052 ns/op
OverheadActual   2: 16384 op, 25200.00 ns, 1.5381 ns/op
OverheadActual   3: 16384 op, 27300.00 ns, 1.6663 ns/op
OverheadActual   4: 16384 op, 27300.00 ns, 1.6663 ns/op
OverheadActual   5: 16384 op, 28000.00 ns, 1.7090 ns/op
OverheadActual   6: 16384 op, 27500.00 ns, 1.6785 ns/op
OverheadActual   7: 16384 op, 29000.00 ns, 1.7700 ns/op
OverheadActual   8: 16384 op, 27800.00 ns, 1.6968 ns/op
OverheadActual   9: 16384 op, 27400.00 ns, 1.6724 ns/op
OverheadActual  10: 16384 op, 29400.00 ns, 1.7944 ns/op
OverheadActual  11: 16384 op, 27600.00 ns, 1.6846 ns/op
OverheadActual  12: 16384 op, 27700.00 ns, 1.6907 ns/op
OverheadActual  13: 16384 op, 25800.00 ns, 1.5747 ns/op
OverheadActual  14: 16384 op, 27800.00 ns, 1.6968 ns/op
OverheadActual  15: 16384 op, 27600.00 ns, 1.6846 ns/op

WorkloadWarmup   1: 16384 op, 553295700.00 ns, 33.7705 us/op
WorkloadWarmup   2: 16384 op, 804918700.00 ns, 49.1283 us/op
WorkloadWarmup   3: 16384 op, 813198700.00 ns, 49.6337 us/op
WorkloadWarmup   4: 16384 op, 810676300.00 ns, 49.4798 us/op
WorkloadWarmup   5: 16384 op, 832991600.00 ns, 50.8418 us/op
WorkloadWarmup   6: 16384 op, 803361700.00 ns, 49.0333 us/op

WorkloadActual   1: 16384 op, 826134600.00 ns, 50.4233 us/op
WorkloadActual   2: 16384 op, 828538100.00 ns, 50.5700 us/op
WorkloadActual   3: 16384 op, 828432300.00 ns, 50.5635 us/op
WorkloadActual   4: 16384 op, 806490800.00 ns, 49.2243 us/op
WorkloadActual   5: 16384 op, 798116100.00 ns, 48.7131 us/op
WorkloadActual   6: 16384 op, 803891300.00 ns, 49.0656 us/op
WorkloadActual   7: 16384 op, 827541900.00 ns, 50.5091 us/op
WorkloadActual   8: 16384 op, 782154200.00 ns, 47.7389 us/op
WorkloadActual   9: 16384 op, 816779500.00 ns, 49.8523 us/op
WorkloadActual  10: 16384 op, 819235800.00 ns, 50.0022 us/op
WorkloadActual  11: 16384 op, 823942300.00 ns, 50.2894 us/op
WorkloadActual  12: 16384 op, 765671500.00 ns, 46.7329 us/op
WorkloadActual  13: 16384 op, 828858800.00 ns, 50.5895 us/op
WorkloadActual  14: 16384 op, 813189100.00 ns, 49.6331 us/op
WorkloadActual  15: 16384 op, 823966000.00 ns, 50.2909 us/op
WorkloadActual  16: 16384 op, 833908400.00 ns, 50.8977 us/op
WorkloadActual  17: 16384 op, 799226300.00 ns, 48.7809 us/op
WorkloadActual  18: 16384 op, 756101200.00 ns, 46.1488 us/op
WorkloadActual  19: 16384 op, 812274900.00 ns, 49.5773 us/op
WorkloadActual  20: 16384 op, 788514500.00 ns, 48.1271 us/op
WorkloadActual  21: 16384 op, 776252000.00 ns, 47.3787 us/op
WorkloadActual  22: 16384 op, 812299900.00 ns, 49.5789 us/op
WorkloadActual  23: 16384 op, 803229800.00 ns, 49.0253 us/op
WorkloadActual  24: 16384 op, 780366300.00 ns, 47.6298 us/op
WorkloadActual  25: 16384 op, 786581800.00 ns, 48.0091 us/op
WorkloadActual  26: 16384 op, 799394700.00 ns, 48.7912 us/op

WorkloadResult   1: 16384 op, 826107000.00 ns, 50.4216 us/op
WorkloadResult   2: 16384 op, 828510500.00 ns, 50.5683 us/op
WorkloadResult   3: 16384 op, 828404700.00 ns, 50.5618 us/op
WorkloadResult   4: 16384 op, 806463200.00 ns, 49.2226 us/op
WorkloadResult   5: 16384 op, 798088500.00 ns, 48.7115 us/op
WorkloadResult   6: 16384 op, 803863700.00 ns, 49.0639 us/op
WorkloadResult   7: 16384 op, 827514300.00 ns, 50.5075 us/op
WorkloadResult   8: 16384 op, 782126600.00 ns, 47.7372 us/op
WorkloadResult   9: 16384 op, 816751900.00 ns, 49.8506 us/op
WorkloadResult  10: 16384 op, 819208200.00 ns, 50.0005 us/op
WorkloadResult  11: 16384 op, 823914700.00 ns, 50.2878 us/op
WorkloadResult  12: 16384 op, 765643900.00 ns, 46.7312 us/op
WorkloadResult  13: 16384 op, 828831200.00 ns, 50.5878 us/op
WorkloadResult  14: 16384 op, 813161500.00 ns, 49.6314 us/op
WorkloadResult  15: 16384 op, 823938400.00 ns, 50.2892 us/op
WorkloadResult  16: 16384 op, 833880800.00 ns, 50.8960 us/op
WorkloadResult  17: 16384 op, 799198700.00 ns, 48.7792 us/op
WorkloadResult  18: 16384 op, 756073600.00 ns, 46.1471 us/op
WorkloadResult  19: 16384 op, 812247300.00 ns, 49.5756 us/op
WorkloadResult  20: 16384 op, 788486900.00 ns, 48.1254 us/op
WorkloadResult  21: 16384 op, 776224400.00 ns, 47.3770 us/op
WorkloadResult  22: 16384 op, 812272300.00 ns, 49.5772 us/op
WorkloadResult  23: 16384 op, 803202200.00 ns, 49.0236 us/op
WorkloadResult  24: 16384 op, 780338700.00 ns, 47.6281 us/op
WorkloadResult  25: 16384 op, 786554200.00 ns, 48.0075 us/op
WorkloadResult  26: 16384 op, 799367100.00 ns, 48.7895 us/op
// GC:  166 30 0 2783751448 16384
// Threading:  0 0 16384


Mean = 49.158 us, StdErr = 0.255 us (0.52%), N = 26, StdDev = 1.298 us
Min = 46.147 us, Q1 = 48.272 us, Median = 49.399 us, Q3 = 50.289 us, Max = 50.896 us
IQR = 2.017 us, LowerFence = 45.247 us, UpperFence = 53.314 us
ConfidenceInterval = [48.209 us; 50.106 us] (CI 99.9%), Margin = 0.949 us (1.93% of Mean)
Skewness = -0.6, Kurtosis = 2.31, MValue = 2

// ** Remained 1 (11,1%) benchmark(s) to run. Estimated finish 2026-09-17 23:55 (0h 0m from now) **
Setup power plan (GUID: 8c5e7fda-e8bf-4a96-9a85-a6e23a8c635c FriendlyName: Alto desempenho)
// **************************
// Benchmark: CatalogQueryBenchmarks.FieldCamelHumps: Job-JWQWGO(Toolchain=InProcessEmitToolchain) [Collections=1000, Fields=10000]
// *** Execute ***
// Launch: 1 / 1

// Benchmark Process Environment Information:
// BenchmarkDotNet v0.15.8
// Runtime=.NET 10.0.12 (10.0.12, 10.0.1226.42308), X64 RyuJIT x86-64-v4
// GC=Concurrent Workstation
// HardwareIntrinsics=AVX512 BITALG+VBMI2+VNNI+VPOPCNTDQ,AVX512 IFMA+VBMI,AVX512 F+BW+CD+DQ+VL,AVX2+BMI1+BMI2+F16C+FMA+LZCNT+MOVBE,AVX,SSE3+SSSE3+SSE4.1+SSE4.2+POPCNT,X86Base+SSE+SSE2,AES+PCLMUL VectorSize=256
// Job: Job-JWQWGO(Toolchain=InProcessEmitToolchain)

OverheadJitting  1: 1 op, 296400.00 ns, 296.4000 us/op
WorkloadJitting  1: 1 op, 214000.00 ns, 214.0000 us/op

OverheadJitting  2: 16 op, 396800.00 ns, 24.8000 us/op
WorkloadJitting  2: 16 op, 1311100.00 ns, 81.9438 us/op

WorkloadPilot    1: 16 op, 847600.00 ns, 52.9750 us/op
WorkloadPilot    2: 32 op, 2131300.00 ns, 66.6031 us/op
WorkloadPilot    3: 64 op, 2229200.00 ns, 34.8313 us/op
WorkloadPilot    4: 128 op, 9362400.00 ns, 73.1438 us/op
WorkloadPilot    5: 256 op, 13885900.00 ns, 54.2418 us/op
WorkloadPilot    6: 512 op, 28126500.00 ns, 54.9346 us/op
WorkloadPilot    7: 1024 op, 52059600.00 ns, 50.8395 us/op
WorkloadPilot    8: 2048 op, 76157800.00 ns, 37.1864 us/op
WorkloadPilot    9: 4096 op, 208369900.00 ns, 50.8716 us/op
WorkloadPilot   10: 8192 op, 390237400.00 ns, 47.6364 us/op
WorkloadPilot   11: 16384 op, 573752500.00 ns, 35.0191 us/op

OverheadWarmup   1: 16384 op, 21500.00 ns, 1.3123 ns/op
OverheadWarmup   2: 16384 op, 18800.00 ns, 1.1475 ns/op
OverheadWarmup   3: 16384 op, 18900.00 ns, 1.1536 ns/op
OverheadWarmup   4: 16384 op, 18900.00 ns, 1.1536 ns/op
OverheadWarmup   5: 16384 op, 19100.00 ns, 1.1658 ns/op
OverheadWarmup   6: 16384 op, 19100.00 ns, 1.1658 ns/op

OverheadActual   1: 16384 op, 19200.00 ns, 1.1719 ns/op
OverheadActual   2: 16384 op, 19100.00 ns, 1.1658 ns/op
OverheadActual   3: 16384 op, 19200.00 ns, 1.1719 ns/op
OverheadActual   4: 16384 op, 19000.00 ns, 1.1597 ns/op
OverheadActual   5: 16384 op, 19200.00 ns, 1.1719 ns/op
OverheadActual   6: 16384 op, 18900.00 ns, 1.1536 ns/op
OverheadActual   7: 16384 op, 18900.00 ns, 1.1536 ns/op
OverheadActual   8: 16384 op, 19100.00 ns, 1.1658 ns/op
OverheadActual   9: 16384 op, 19100.00 ns, 1.1658 ns/op
OverheadActual  10: 16384 op, 19100.00 ns, 1.1658 ns/op
OverheadActual  11: 16384 op, 19200.00 ns, 1.1719 ns/op
OverheadActual  12: 16384 op, 19100.00 ns, 1.1658 ns/op
OverheadActual  13: 16384 op, 19300.00 ns, 1.1780 ns/op
OverheadActual  14: 16384 op, 19200.00 ns, 1.1719 ns/op
OverheadActual  15: 16384 op, 19000.00 ns, 1.1597 ns/op

WorkloadWarmup   1: 16384 op, 560120700.00 ns, 34.1871 us/op
WorkloadWarmup   2: 16384 op, 542574700.00 ns, 33.1161 us/op
WorkloadWarmup   3: 16384 op, 561134600.00 ns, 34.2489 us/op
WorkloadWarmup   4: 16384 op, 547716600.00 ns, 33.4300 us/op
WorkloadWarmup   5: 16384 op, 543016500.00 ns, 33.1431 us/op
WorkloadWarmup   6: 16384 op, 604974800.00 ns, 36.9247 us/op
WorkloadWarmup   7: 16384 op, 581733400.00 ns, 35.5062 us/op

WorkloadActual   1: 16384 op, 539210900.00 ns, 32.9108 us/op
WorkloadActual   2: 16384 op, 547800700.00 ns, 33.4351 us/op
WorkloadActual   3: 16384 op, 528393700.00 ns, 32.2506 us/op
WorkloadActual   4: 16384 op, 533009000.00 ns, 32.5323 us/op
WorkloadActual   5: 16384 op, 547768900.00 ns, 33.4332 us/op
WorkloadActual   6: 16384 op, 529020600.00 ns, 32.2889 us/op
WorkloadActual   7: 16384 op, 545515300.00 ns, 33.2956 us/op
WorkloadActual   8: 16384 op, 547638200.00 ns, 33.4252 us/op
WorkloadActual   9: 16384 op, 547911600.00 ns, 33.4419 us/op
WorkloadActual  10: 16384 op, 565312000.00 ns, 34.5039 us/op
WorkloadActual  11: 16384 op, 547261100.00 ns, 33.4022 us/op
WorkloadActual  12: 16384 op, 568696200.00 ns, 34.7105 us/op
WorkloadActual  13: 16384 op, 563383000.00 ns, 34.3862 us/op
WorkloadActual  14: 16384 op, 547673200.00 ns, 33.4273 us/op
WorkloadActual  15: 16384 op, 549539200.00 ns, 33.5412 us/op

WorkloadResult   1: 16384 op, 539191800.00 ns, 32.9097 us/op
WorkloadResult   2: 16384 op, 547781600.00 ns, 33.4339 us/op
WorkloadResult   3: 16384 op, 528374600.00 ns, 32.2494 us/op
WorkloadResult   4: 16384 op, 532989900.00 ns, 32.5311 us/op
WorkloadResult   5: 16384 op, 547749800.00 ns, 33.4320 us/op
WorkloadResult   6: 16384 op, 529001500.00 ns, 32.2877 us/op
WorkloadResult   7: 16384 op, 545496200.00 ns, 33.2944 us/op
WorkloadResult   8: 16384 op, 547619100.00 ns, 33.4240 us/op
WorkloadResult   9: 16384 op, 547892500.00 ns, 33.4407 us/op
WorkloadResult  10: 16384 op, 547242000.00 ns, 33.4010 us/op
WorkloadResult  11: 16384 op, 547654100.00 ns, 33.4262 us/op
WorkloadResult  12: 16384 op, 549520100.00 ns, 33.5400 us/op
// GC:  166 30 0 2783750392 16384
// Threading:  0 0 16384


Mean = 33.114 us, StdErr = 0.141 us (0.42%), N = 12, StdDev = 0.487 us
Min = 32.249 us, Q1 = 32.815 us, Median = 33.413 us, Q3 = 33.432 us, Max = 33.540 us
IQR = 0.617 us, LowerFence = 31.889 us, UpperFence = 34.359 us
ConfidenceInterval = [32.490 us; 33.738 us] (CI 99.9%), Margin = 0.624 us (1.88% of Mean)
Skewness = -0.83, Kurtosis = 1.82, MValue = 2

// ** Remained 0 (0,0%) benchmark(s) to run. Estimated finish 2026-09-17 23:54 (0h 0m from now) **
Successfully reverted power plan (GUID: 8c5e7fda-e8bf-4a96-9a85-a6e23a8c635c FriendlyName: Alto desempenho)
// ***** BenchmarkRunner: Finish  *****

// * Export *
  BenchmarkDotNet.Artifacts.After\results\EsilvaSoft.SlopStudio.Benchmarks.CatalogQueryBenchmarks-report.csv
  BenchmarkDotNet.Artifacts.After\results\EsilvaSoft.SlopStudio.Benchmarks.CatalogQueryBenchmarks-report-github.md
  BenchmarkDotNet.Artifacts.After\results\EsilvaSoft.SlopStudio.Benchmarks.CatalogQueryBenchmarks-report.html

// * Detailed results *
CatalogQueryBenchmarks.FieldCamelHumps: Job-JWQWGO(Toolchain=InProcessEmitToolchain) [Collections=10, Fields=100]
Runtime = ; GC = 
Mean = 9.400 us, StdErr = 0.048 us (0.51%), N = 22, StdDev = 0.223 us
Min = 8.916 us, Q1 = 9.289 us, Median = 9.421 us, Q3 = 9.526 us, Max = 9.777 us
IQR = 0.237 us, LowerFence = 8.934 us, UpperFence = 9.882 us
ConfidenceInterval = [9.219 us; 9.582 us] (CI 99.9%), Margin = 0.182 us (1.93% of Mean)
Skewness = -0.31, Kurtosis = 2.46, MValue = 2
-------------------- Histogram --------------------
[8.887 us ; 9.176 us) | @@@
[9.176 us ; 9.398 us) | @@@@@@
[9.398 us ; 9.639 us) | @@@@@@@@@@
[9.639 us ; 9.882 us) | @@@
---------------------------------------------------

CatalogQueryBenchmarks.FieldCamelHumps: Job-JWQWGO(Toolchain=InProcessEmitToolchain) [Collections=10, Fields=1000]
Runtime = ; GC = 
Mean = 33.733 us, StdErr = 0.155 us (0.46%), N = 16, StdDev = 0.619 us
Min = 32.679 us, Q1 = 33.280 us, Median = 33.831 us, Q3 = 34.155 us, Max = 34.608 us
IQR = 0.875 us, LowerFence = 31.967 us, UpperFence = 35.467 us
ConfidenceInterval = [33.103 us; 34.363 us] (CI 99.9%), Margin = 0.630 us (1.87% of Mean)
Skewness = -0.33, Kurtosis = 1.67, MValue = 2
-------------------- Histogram --------------------
[32.658 us ; 33.600 us) | @@@@@@
[33.600 us ; 34.930 us) | @@@@@@@@@@
---------------------------------------------------

CatalogQueryBenchmarks.FieldCamelHumps: Job-JWQWGO(Toolchain=InProcessEmitToolchain) [Collections=10, Fields=10000]
Runtime = ; GC = 
Mean = 32.847 us, StdErr = 0.158 us (0.48%), N = 19, StdDev = 0.687 us
Min = 31.865 us, Q1 = 32.369 us, Median = 32.785 us, Q3 = 33.288 us, Max = 34.067 us
IQR = 0.919 us, LowerFence = 30.992 us, UpperFence = 34.666 us
ConfidenceInterval = [32.229 us; 33.466 us] (CI 99.9%), Margin = 0.618 us (1.88% of Mean)
Skewness = 0.39, Kurtosis = 2.03, MValue = 2
-------------------- Histogram --------------------
[31.822 us ; 32.498 us) | @@@@@@@
[32.498 us ; 33.350 us) | @@@@@@@@@
[33.350 us ; 34.405 us) | @@@
---------------------------------------------------

CatalogQueryBenchmarks.FieldCamelHumps: Job-JWQWGO(Toolchain=InProcessEmitToolchain) [Collections=100, Fields=100]
Runtime = ; GC = 
Mean = 13.316 us, StdErr = 0.113 us (0.85%), N = 100, StdDev = 1.132 us
Min = 9.313 us, Q1 = 13.221 us, Median = 13.685 us, Q3 = 13.928 us, Max = 14.509 us
IQR = 0.707 us, LowerFence = 12.161 us, UpperFence = 14.988 us
ConfidenceInterval = [12.932 us; 13.700 us] (CI 99.9%), Margin = 0.384 us (2.88% of Mean)
Skewness = -2.16, Kurtosis = 7.02, MValue = 2.07
-------------------- Histogram --------------------
[ 9.251 us ; 10.009 us) | @@@@@
[10.009 us ; 10.733 us) | @@
[10.733 us ; 11.374 us) | @@
[11.374 us ; 11.604 us) | 
[11.604 us ; 12.271 us) | @@
[12.271 us ; 12.885 us) | @@@@@
[12.885 us ; 13.528 us) | @@@@@@@@@@@@@@@@@@@@
[13.528 us ; 14.169 us) | @@@@@@@@@@@@@@@@@@@@@@@@@@@@@@@@@@@@@@@@@@@@@@@@@@@@@@@@
[14.169 us ; 14.829 us) | @@@@@@@@
---------------------------------------------------

CatalogQueryBenchmarks.FieldCamelHumps: Job-JWQWGO(Toolchain=InProcessEmitToolchain) [Collections=100, Fields=1000]
Runtime = ; GC = 
Mean = 49.196 us, StdErr = 0.277 us (0.56%), N = 41, StdDev = 1.771 us
Min = 45.543 us, Q1 = 47.860 us, Median = 49.654 us, Q3 = 50.373 us, Max = 52.960 us
IQR = 2.513 us, LowerFence = 44.089 us, UpperFence = 54.143 us
ConfidenceInterval = [48.214 us; 50.178 us] (CI 99.9%), Margin = 0.982 us (2.00% of Mean)
Skewness = -0.28, Kurtosis = 2.33, MValue = 2.8
-------------------- Histogram --------------------
[45.405 us ; 46.753 us) | @@@@
[46.753 us ; 48.468 us) | @@@@@@@@@@
[48.468 us ; 49.540 us) | @@@@
[49.540 us ; 50.888 us) | @@@@@@@@@@@@@@@
[50.888 us ; 52.286 us) | @@@@@@@
[52.286 us ; 53.634 us) | @
---------------------------------------------------

CatalogQueryBenchmarks.FieldCamelHumps: Job-JWQWGO(Toolchain=InProcessEmitToolchain) [Collections=100, Fields=10000]
Runtime = ; GC = 
Mean = 50.163 us, StdErr = 0.188 us (0.38%), N = 15, StdDev = 0.730 us
Min = 48.574 us, Q1 = 49.626 us, Median = 50.167 us, Q3 = 50.623 us, Max = 51.540 us
IQR = 0.997 us, LowerFence = 48.131 us, UpperFence = 52.118 us
ConfidenceInterval = [49.383 us; 50.943 us] (CI 99.9%), Margin = 0.780 us (1.56% of Mean)
Skewness = -0.2, Kurtosis = 2.61, MValue = 2
-------------------- Histogram --------------------
[48.186 us ; 49.409 us) | @
[49.409 us ; 51.928 us) | @@@@@@@@@@@@@@
---------------------------------------------------

CatalogQueryBenchmarks.FieldCamelHumps: Job-JWQWGO(Toolchain=InProcessEmitToolchain) [Collections=1000, Fields=100]
Runtime = ; GC = 
Mean = 13.636 us, StdErr = 0.077 us (0.57%), N = 46, StdDev = 0.524 us
Min = 12.028 us, Q1 = 13.352 us, Median = 13.763 us, Q3 = 14.038 us, Max = 14.390 us
IQR = 0.686 us, LowerFence = 12.323 us, UpperFence = 15.067 us
ConfidenceInterval = [13.364 us; 13.908 us] (CI 99.9%), Margin = 0.272 us (1.99% of Mean)
Skewness = -1.04, Kurtosis = 3.59, MValue = 2
-------------------- Histogram --------------------
[11.836 us ; 12.420 us) | @
[12.420 us ; 12.804 us) | @@@@
[12.804 us ; 13.268 us) | @@@@@
[13.268 us ; 13.719 us) | @@@@@@@@@
[13.719 us ; 14.103 us) | @@@@@@@@@@@@@@@@@@@@@
[14.103 us ; 14.454 us) | @@@@@@
---------------------------------------------------

CatalogQueryBenchmarks.FieldCamelHumps: Job-JWQWGO(Toolchain=InProcessEmitToolchain) [Collections=1000, Fields=1000]
Runtime = ; GC = 
Mean = 49.158 us, StdErr = 0.255 us (0.52%), N = 26, StdDev = 1.298 us
Min = 46.147 us, Q1 = 48.272 us, Median = 49.399 us, Q3 = 50.289 us, Max = 50.896 us
IQR = 2.017 us, LowerFence = 45.247 us, UpperFence = 53.314 us
ConfidenceInterval = [48.209 us; 50.106 us] (CI 99.9%), Margin = 0.949 us (1.93% of Mean)
Skewness = -0.6, Kurtosis = 2.31, MValue = 2
-------------------- Histogram --------------------
[45.572 us ; 46.659 us) | @
[46.659 us ; 47.960 us) | @@@@
[47.960 us ; 49.506 us) | @@@@@@@@
[49.506 us ; 51.471 us) | @@@@@@@@@@@@@
---------------------------------------------------

CatalogQueryBenchmarks.FieldCamelHumps: Job-JWQWGO(Toolchain=InProcessEmitToolchain) [Collections=1000, Fields=10000]
Runtime = ; GC = 
Mean = 33.114 us, StdErr = 0.141 us (0.42%), N = 12, StdDev = 0.487 us
Min = 32.249 us, Q1 = 32.815 us, Median = 33.413 us, Q3 = 33.432 us, Max = 33.540 us
IQR = 0.617 us, LowerFence = 31.889 us, UpperFence = 34.359 us
ConfidenceInterval = [32.490 us; 33.738 us] (CI 99.9%), Margin = 0.624 us (1.88% of Mean)
Skewness = -0.83, Kurtosis = 1.82, MValue = 2
-------------------- Histogram --------------------
[32.066 us ; 33.751 us) | @@@@@@@@@@@@
---------------------------------------------------

// * Summary *

BenchmarkDotNet v0.15.8, Windows 11 (10.0.26200.9457/25H2/2025Update/HudsonValley2)
AMD Ryzen 9 7900 3.70GHz, 1 CPU, 24 logical and 12 physical cores
.NET SDK 10.0.401
  [Host] : .NET 10.0.12 (10.0.12, 10.0.1226.42308), X64 RyuJIT x86-64-v4

Toolchain=InProcessEmitToolchain  

| Method          | Collections | Fields | Mean      | Error     | StdDev    | Median    | Gen0    | Gen1   | Allocated |
|---------------- |------------ |------- |----------:|----------:|----------:|----------:|--------:|-------:|----------:|
| FieldCamelHumps | 10          | 100    |  9.400 us | 0.1815 us | 0.2229 us |  9.421 us |  2.5940 | 0.1831 |  42.45 KB |
| FieldCamelHumps | 10          | 1000   | 33.733 us | 0.6302 us | 0.6190 us | 33.831 us | 10.1318 | 1.8311 | 165.92 KB |
| FieldCamelHumps | 10          | 10000  | 32.847 us | 0.6185 us | 0.6874 us | 32.785 us | 10.1318 | 1.8311 | 165.92 KB |
| FieldCamelHumps | 100         | 100    | 13.316 us | 0.3839 us | 1.1321 us | 13.685 us |  2.5940 | 0.1831 |  42.45 KB |
| FieldCamelHumps | 100         | 1000   | 49.196 us | 0.9822 us | 1.7710 us | 49.654 us | 10.1318 | 1.8311 | 165.92 KB |
| FieldCamelHumps | 100         | 10000  | 50.163 us | 0.7801 us | 0.7297 us | 50.167 us | 10.1318 | 1.8311 | 165.92 KB |
| FieldCamelHumps | 1000        | 100    | 13.636 us | 0.2719 us | 0.5239 us | 13.763 us |  2.5940 | 0.1831 |  42.45 KB |
| FieldCamelHumps | 1000        | 1000   | 49.158 us | 0.9486 us | 1.2984 us | 49.399 us | 10.1318 | 1.8311 | 165.92 KB |
| FieldCamelHumps | 1000        | 10000  | 33.114 us | 0.6241 us | 0.4873 us | 33.413 us | 10.1318 | 1.8311 | 165.92 KB |

// * Hints *
Outliers
  CatalogQueryBenchmarks.FieldCamelHumps: Toolchain=InProcessEmitToolchain -> 6 outliers were removed (11.07 us..14.26 us)
  CatalogQueryBenchmarks.FieldCamelHumps: Toolchain=InProcessEmitToolchain -> 11 outliers were detected (9.31 us..12.03 us)
  CatalogQueryBenchmarks.FieldCamelHumps: Toolchain=InProcessEmitToolchain -> 1 outlier  was  detected (12.03 us)
  CatalogQueryBenchmarks.FieldCamelHumps: Toolchain=InProcessEmitToolchain -> 3 outliers were removed, 5 outliers were detected (32.25 us, 32.29 us, 34.39 us..34.71 us)

// * Legends *
  Collections : Value of the 'Collections' parameter
  Fields      : Value of the 'Fields' parameter
  Mean        : Arithmetic mean of all measurements
  Error       : Half of 99.9% confidence interval
  StdDev      : Standard deviation of all measurements
  Median      : Value separating the higher half of all measurements (50th percentile)
  Gen0        : GC Generation 0 collects per 1000 operations
  Gen1        : GC Generation 1 collects per 1000 operations
  Allocated   : Allocated memory per single operation (managed only, inclusive, 1KB = 1024B)
  1 us        : 1 Microsecond (0.000001 sec)

// * Diagnostic Output - MemoryDiagnoser *


// ***** BenchmarkRunner: End *****
Run time: 00:05:08 (308.64 sec), executed benchmarks: 9

Global total time: 00:05:09 (309.22 sec), executed benchmarks: 9
// * Artifacts cleanup *
Artifacts cleanup is finished
